AR plasma logic /home/pdp/PLASMABRANDAH/rtl/plasma.vhd sub00/vhpl37 1504277757
EN pc_next NULL /home/pdp/PLASMABRANDAH/rtl/pc_next.vhd sub00/vhpl04 1504277724
EN reg_bank NULL /home/pdp/PLASMABRANDAH/rtl/reg_bank.vhd sub00/vhpl10 1504277730
EN bus_mux NULL /home/pdp/PLASMABRANDAH/rtl/bus_mux.vhd sub00/vhpl12 1504277732
EN ddr_ctrl_top NULL /home/pdp/PLASMABRANDAH/rtl/ddr_ctrl_top.vhd sub00/vhpl38 1504277758
AR ddr_ctrl_top logic /home/pdp/PLASMABRANDAH/rtl/ddr_ctrl_top.vhd sub00/vhpl39 1504277759
AR shifter logic /home/pdp/PLASMABRANDAH/rtl/shifter.vhd sub00/vhpl17 1504277737
EN mult NULL /home/pdp/PLASMABRANDAH/rtl/mult.vhd sub00/vhpl18 1504277738
EN clk_gen NULL /home/pdp/PLASMABRANDAH/rtl/clk_gen.vhd sub00/vhpl34 1504277754
EN ddr_init NULL /home/pdp/PLASMABRANDAH/rtl/ddr_init.vhd sub00/vhpl22 1504277742
AR mlite_cpu logic /home/pdp/PLASMABRANDAH/rtl/mlite_cpu.vhd sub00/vhpl27 1504277747
EN plasma NULL /home/pdp/PLASMABRANDAH/rtl/plasma.vhd sub00/vhpl36 1504277756
AR control logic /home/pdp/PLASMABRANDAH/rtl/control.vhd sub00/vhpl09 1504277729
EN ddr_ctrl NULL /home/pdp/PLASMABRANDAH/rtl/ddr_ctrl.vhd sub00/vhpl24 1504277744
AR alu logic /home/pdp/PLASMABRANDAH/rtl/alu.vhd sub00/vhpl15 1504277735
AR cache logic /home/pdp/PLASMABRANDAH/rtl/cache.vhd sub00/vhpl29 1504277749
EN boot_ram NULL /home/pdp/PLASMABRANDAH/rtl/boot_ram.vhd sub00/vhpl30 1504277750
AR cache_ram logic /home/pdp/PLASMABRANDAH/rtl/cache_ram.vhd sub00/vhpl03 1504277723
EN mem_ctrl NULL /home/pdp/PLASMABRANDAH/rtl/mem_ctrl.vhd sub00/vhpl06 1504277726
AR bus_mux logic /home/pdp/PLASMABRANDAH/rtl/bus_mux.vhd sub00/vhpl13 1504277733
AR ddr_init logic /home/pdp/PLASMABRANDAH/rtl/ddr_init.vhd sub00/vhpl23 1504277743
EN cache NULL /home/pdp/PLASMABRANDAH/rtl/cache.vhd sub00/vhpl28 1504277748
EN mlite_cpu NULL /home/pdp/PLASMABRANDAH/rtl/mlite_cpu.vhd sub00/vhpl26 1504277746
EN shifter NULL /home/pdp/PLASMABRANDAH/rtl/shifter.vhd sub00/vhpl16 1504277736
EN top_ml410 NULL /home/pdp/PLASMABRANDAH/rtl/top_ml410.vhd sub00/vhpl42 1504277762
AR reg_bank ram_block /home/pdp/PLASMABRANDAH/rtl/reg_bank.vhd sub00/vhpl11 1504277731
EN cache_ram NULL /home/pdp/PLASMABRANDAH/rtl/cache_ram.vhd sub00/vhpl02 1504277722
AR plasma_top logic /home/pdp/PLASMABRANDAH/rtl/plasma_top.vhd sub00/vhpl41 1504277761
AR mem_ctrl logic /home/pdp/PLASMABRANDAH/rtl/mem_ctrl.vhd sub00/vhpl07 1504277727
EN control NULL /home/pdp/PLASMABRANDAH/rtl/control.vhd sub00/vhpl08 1504277728
AR top_ml410 logic /home/pdp/PLASMABRANDAH/rtl/top_ml410.vhd sub00/vhpl43 1504277763
AR clk_gen logic /home/pdp/PLASMABRANDAH/rtl/clk_gen.vhd sub00/vhpl35 1504277755
AR ddr_ctrl logic /home/pdp/PLASMABRANDAH/rtl/ddr_ctrl.vhd sub00/vhpl25 1504277745
PB mlite_pack mlite_pack /home/pdp/PLASMABRANDAH/rtl/mlite_pack.vhd sub00/vhpl01 1504277721
AR pipeline logic /home/pdp/PLASMABRANDAH/rtl/pipeline.vhd sub00/vhpl21 1504277741
AR mult logic /home/pdp/PLASMABRANDAH/rtl/mult.vhd sub00/vhpl19 1504277739
EN uart NULL /home/pdp/PLASMABRANDAH/rtl/uart.vhd sub00/vhpl32 1504277752
EN pipeline NULL /home/pdp/PLASMABRANDAH/rtl/pipeline.vhd sub00/vhpl20 1504277740
AR uart logic /home/pdp/PLASMABRANDAH/rtl/uart.vhd sub00/vhpl33 1504277753
EN plasma_top NULL /home/pdp/PLASMABRANDAH/rtl/plasma_top.vhd sub00/vhpl40 1504277760
AR pc_next logic /home/pdp/PLASMABRANDAH/rtl/pc_next.vhd sub00/vhpl05 1504277725
EN alu NULL /home/pdp/PLASMABRANDAH/rtl/alu.vhd sub00/vhpl14 1504277734
AR boot_ram logic /home/pdp/PLASMABRANDAH/rtl/boot_ram.vhd sub00/vhpl31 1504277751
PH mlite_pack NULL /home/pdp/PLASMABRANDAH/rtl/mlite_pack.vhd sub00/vhpl00 1504277720
