AR plasma logic /home/pdp/APLASMA/GIT/PLASMABRANDAH/rtl/plasma.vhd sub00/vhpl37 1496258312
EN pc_next NULL /home/pdp/APLASMA/GIT/PLASMABRANDAH/rtl/pc_next.vhd sub00/vhpl04 1496258285
EN reg_bank NULL /home/pdp/APLASMA/GIT/PLASMABRANDAH/rtl/reg_bank.vhd sub00/vhpl10 1496258291
EN bus_mux NULL /home/pdp/APLASMA/GIT/PLASMABRANDAH/rtl/bus_mux.vhd sub00/vhpl12 1496258293
EN ddr_ctrl_top NULL /home/pdp/APLASMA/GIT/PLASMABRANDAH/rtl/ddr_ctrl_top.vhd sub00/vhpl38 1496256921
AR ddr_ctrl_top logic /home/pdp/APLASMA/GIT/PLASMABRANDAH/rtl/ddr_ctrl_top.vhd sub00/vhpl39 1496256922
AR shifter logic /home/pdp/APLASMA/GIT/PLASMABRANDAH/rtl/shifter.vhd sub00/vhpl17 1496258298
EN mult NULL /home/pdp/APLASMA/GIT/PLASMABRANDAH/rtl/mult.vhd sub00/vhpl18 1496258299
EN clk_gen NULL /home/pdp/APLASMA/GIT/PLASMABRANDAH/rtl/clk_gen.vhd sub00/vhpl34 1496256917
EN ddr_init NULL /home/pdp/APLASMA/GIT/PLASMABRANDAH/rtl/ddr_init.vhd sub00/vhpl22 1496256905
AR mlite_cpu logic /home/pdp/APLASMA/GIT/PLASMABRANDAH/rtl/mlite_cpu.vhd sub00/vhpl27 1496258304
EN plasma NULL /home/pdp/APLASMA/GIT/PLASMABRANDAH/rtl/plasma.vhd sub00/vhpl36 1496258311
AR control logic /home/pdp/APLASMA/GIT/PLASMABRANDAH/rtl/control.vhd sub00/vhpl09 1496258290
EN ddr_ctrl NULL /home/pdp/APLASMA/GIT/PLASMABRANDAH/rtl/ddr_ctrl.vhd sub00/vhpl24 1496256907
AR alu logic /home/pdp/APLASMA/GIT/PLASMABRANDAH/rtl/alu.vhd sub00/vhpl15 1496258296
AR cache logic /home/pdp/APLASMA/GIT/PLASMABRANDAH/rtl/cache.vhd sub00/vhpl29 1496258306
EN boot_ram NULL /home/pdp/APLASMA/GIT/PLASMABRANDAH/rtl/boot_ram.vhd sub00/vhpl30 1496258307
AR cache_ram logic /home/pdp/APLASMA/GIT/PLASMABRANDAH/rtl/cache_ram.vhd sub00/vhpl03 1496258284
EN mem_ctrl NULL /home/pdp/APLASMA/GIT/PLASMABRANDAH/rtl/mem_ctrl.vhd sub00/vhpl06 1496258287
AR bus_mux logic /home/pdp/APLASMA/GIT/PLASMABRANDAH/rtl/bus_mux.vhd sub00/vhpl13 1496258294
AR ddr_init logic /home/pdp/APLASMA/GIT/PLASMABRANDAH/rtl/ddr_init.vhd sub00/vhpl23 1496256906
EN cache NULL /home/pdp/APLASMA/GIT/PLASMABRANDAH/rtl/cache.vhd sub00/vhpl28 1496258305
EN mlite_cpu NULL /home/pdp/APLASMA/GIT/PLASMABRANDAH/rtl/mlite_cpu.vhd sub00/vhpl26 1496258303
EN shifter NULL /home/pdp/APLASMA/GIT/PLASMABRANDAH/rtl/shifter.vhd sub00/vhpl16 1496258297
EN top_ml410 NULL /home/pdp/APLASMA/GIT/PLASMABRANDAH/rtl/top_ml410.vhd sub00/vhpl42 1496256925
AR reg_bank ram_block /home/pdp/APLASMA/GIT/PLASMABRANDAH/rtl/reg_bank.vhd sub00/vhpl11 1496258292
EN cache_ram NULL /home/pdp/APLASMA/GIT/PLASMABRANDAH/rtl/cache_ram.vhd sub00/vhpl02 1496258283
AR plasma_top logic /home/pdp/APLASMA/GIT/PLASMABRANDAH/rtl/plasma_top.vhd sub00/vhpl41 1496256924
AR mem_ctrl logic /home/pdp/APLASMA/GIT/PLASMABRANDAH/rtl/mem_ctrl.vhd sub00/vhpl07 1496258288
EN control NULL /home/pdp/APLASMA/GIT/PLASMABRANDAH/rtl/control.vhd sub00/vhpl08 1496258289
AR top_ml410 logic /home/pdp/APLASMA/GIT/PLASMABRANDAH/rtl/top_ml410.vhd sub00/vhpl43 1496256926
AR clk_gen logic /home/pdp/APLASMA/GIT/PLASMABRANDAH/rtl/clk_gen.vhd sub00/vhpl35 1496256918
AR ddr_ctrl logic /home/pdp/APLASMA/GIT/PLASMABRANDAH/rtl/ddr_ctrl.vhd sub00/vhpl25 1496256908
PB mlite_pack mlite_pack /home/pdp/APLASMA/GIT/PLASMABRANDAH/rtl/mlite_pack.vhd sub00/vhpl01 1496258282
AR pipeline logic /home/pdp/APLASMA/GIT/PLASMABRANDAH/rtl/pipeline.vhd sub00/vhpl21 1496258302
AR mult logic /home/pdp/APLASMA/GIT/PLASMABRANDAH/rtl/mult.vhd sub00/vhpl19 1496258300
EN uart NULL /home/pdp/APLASMA/GIT/PLASMABRANDAH/rtl/uart.vhd sub00/vhpl32 1496258309
EN pipeline NULL /home/pdp/APLASMA/GIT/PLASMABRANDAH/rtl/pipeline.vhd sub00/vhpl20 1496258301
AR uart logic /home/pdp/APLASMA/GIT/PLASMABRANDAH/rtl/uart.vhd sub00/vhpl33 1496258310
EN plasma_top NULL /home/pdp/APLASMA/GIT/PLASMABRANDAH/rtl/plasma_top.vhd sub00/vhpl40 1496256923
AR pc_next logic /home/pdp/APLASMA/GIT/PLASMABRANDAH/rtl/pc_next.vhd sub00/vhpl05 1496258286
EN alu NULL /home/pdp/APLASMA/GIT/PLASMABRANDAH/rtl/alu.vhd sub00/vhpl14 1496258295
AR boot_ram logic /home/pdp/APLASMA/GIT/PLASMABRANDAH/rtl/boot_ram.vhd sub00/vhpl31 1496258308
PH mlite_pack NULL /home/pdp/APLASMA/GIT/PLASMABRANDAH/rtl/mlite_pack.vhd sub00/vhpl00 1496258281
