AR plasma logic /home/pdp/Repository/PLASMABRANDAH/rtl/plasma.vhd sub00/vhpl37 1503672047
EN pc_next NULL /home/pdp/Repository/PLASMABRANDAH/rtl/pc_next.vhd sub00/vhpl04 1503672014
EN reg_bank NULL /home/pdp/Repository/PLASMABRANDAH/rtl/reg_bank.vhd sub00/vhpl10 1503672020
EN bus_mux NULL /home/pdp/Repository/PLASMABRANDAH/rtl/bus_mux.vhd sub00/vhpl12 1503672022
EN ddr_ctrl_top NULL /home/pdp/Repository/PLASMABRANDAH/rtl/ddr_ctrl_top.vhd sub00/vhpl38 1503672048
AR ddr_ctrl_top logic /home/pdp/Repository/PLASMABRANDAH/rtl/ddr_ctrl_top.vhd sub00/vhpl39 1503672049
AR shifter logic /home/pdp/Repository/PLASMABRANDAH/rtl/shifter.vhd sub00/vhpl17 1503672027
EN mult NULL /home/pdp/Repository/PLASMABRANDAH/rtl/mult.vhd sub00/vhpl18 1503672028
EN clk_gen NULL /home/pdp/Repository/PLASMABRANDAH/rtl/clk_gen.vhd sub00/vhpl34 1503672044
EN ddr_init NULL /home/pdp/Repository/PLASMABRANDAH/rtl/ddr_init.vhd sub00/vhpl22 1503672032
AR mlite_cpu logic /home/pdp/Repository/PLASMABRANDAH/rtl/mlite_cpu.vhd sub00/vhpl27 1503672037
EN plasma NULL /home/pdp/Repository/PLASMABRANDAH/rtl/plasma.vhd sub00/vhpl36 1503672046
AR control logic /home/pdp/Repository/PLASMABRANDAH/rtl/control.vhd sub00/vhpl09 1503672019
EN ddr_ctrl NULL /home/pdp/Repository/PLASMABRANDAH/rtl/ddr_ctrl.vhd sub00/vhpl24 1503672034
AR alu logic /home/pdp/Repository/PLASMABRANDAH/rtl/alu.vhd sub00/vhpl15 1503672025
AR cache logic /home/pdp/Repository/PLASMABRANDAH/rtl/cache.vhd sub00/vhpl29 1503672039
EN boot_ram NULL /home/pdp/Repository/PLASMABRANDAH/rtl/boot_ram.vhd sub00/vhpl30 1503672040
AR cache_ram logic /home/pdp/Repository/PLASMABRANDAH/rtl/cache_ram.vhd sub00/vhpl03 1503672013
EN mem_ctrl NULL /home/pdp/Repository/PLASMABRANDAH/rtl/mem_ctrl.vhd sub00/vhpl06 1503672016
AR bus_mux logic /home/pdp/Repository/PLASMABRANDAH/rtl/bus_mux.vhd sub00/vhpl13 1503672023
AR ddr_init logic /home/pdp/Repository/PLASMABRANDAH/rtl/ddr_init.vhd sub00/vhpl23 1503672033
EN cache NULL /home/pdp/Repository/PLASMABRANDAH/rtl/cache.vhd sub00/vhpl28 1503672038
EN mlite_cpu NULL /home/pdp/Repository/PLASMABRANDAH/rtl/mlite_cpu.vhd sub00/vhpl26 1503672036
EN shifter NULL /home/pdp/Repository/PLASMABRANDAH/rtl/shifter.vhd sub00/vhpl16 1503672026
EN top_ml410 NULL /home/pdp/Repository/PLASMABRANDAH/rtl/top_ml410.vhd sub00/vhpl42 1503672052
AR reg_bank ram_block /home/pdp/Repository/PLASMABRANDAH/rtl/reg_bank.vhd sub00/vhpl11 1503672021
EN cache_ram NULL /home/pdp/Repository/PLASMABRANDAH/rtl/cache_ram.vhd sub00/vhpl02 1503672012
AR plasma_top logic /home/pdp/Repository/PLASMABRANDAH/rtl/plasma_top.vhd sub00/vhpl41 1503672051
AR mem_ctrl logic /home/pdp/Repository/PLASMABRANDAH/rtl/mem_ctrl.vhd sub00/vhpl07 1503672017
EN control NULL /home/pdp/Repository/PLASMABRANDAH/rtl/control.vhd sub00/vhpl08 1503672018
AR top_ml410 logic /home/pdp/Repository/PLASMABRANDAH/rtl/top_ml410.vhd sub00/vhpl43 1503672053
AR clk_gen logic /home/pdp/Repository/PLASMABRANDAH/rtl/clk_gen.vhd sub00/vhpl35 1503672045
AR ddr_ctrl logic /home/pdp/Repository/PLASMABRANDAH/rtl/ddr_ctrl.vhd sub00/vhpl25 1503672035
PB mlite_pack mlite_pack /home/pdp/Repository/PLASMABRANDAH/rtl/mlite_pack.vhd sub00/vhpl01 1503672011
AR pipeline logic /home/pdp/Repository/PLASMABRANDAH/rtl/pipeline.vhd sub00/vhpl21 1503672031
AR mult logic /home/pdp/Repository/PLASMABRANDAH/rtl/mult.vhd sub00/vhpl19 1503672029
EN uart NULL /home/pdp/Repository/PLASMABRANDAH/rtl/uart.vhd sub00/vhpl32 1503672042
EN pipeline NULL /home/pdp/Repository/PLASMABRANDAH/rtl/pipeline.vhd sub00/vhpl20 1503672030
AR uart logic /home/pdp/Repository/PLASMABRANDAH/rtl/uart.vhd sub00/vhpl33 1503672043
EN plasma_top NULL /home/pdp/Repository/PLASMABRANDAH/rtl/plasma_top.vhd sub00/vhpl40 1503672050
AR pc_next logic /home/pdp/Repository/PLASMABRANDAH/rtl/pc_next.vhd sub00/vhpl05 1503672015
EN alu NULL /home/pdp/Repository/PLASMABRANDAH/rtl/alu.vhd sub00/vhpl14 1503672024
AR boot_ram logic /home/pdp/Repository/PLASMABRANDAH/rtl/boot_ram.vhd sub00/vhpl31 1503672041
PH mlite_pack NULL /home/pdp/Repository/PLASMABRANDAH/rtl/mlite_pack.vhd sub00/vhpl00 1503672010
