AR plasma logic /home/pdp/Repository/PLASMABRANDAH/rtl/plasma.vhd sub00/vhpl37 1496061668
EN pc_next NULL /home/pdp/Repository/PLASMABRANDAH/rtl/pc_next.vhd sub00/vhpl04 1496061635
EN reg_bank NULL /home/pdp/Repository/PLASMABRANDAH/rtl/reg_bank.vhd sub00/vhpl10 1496061641
EN bus_mux NULL /home/pdp/Repository/PLASMABRANDAH/rtl/bus_mux.vhd sub00/vhpl12 1496061643
EN ddr_ctrl_top NULL /home/pdp/Repository/PLASMABRANDAH/rtl/ddr_ctrl_top.vhd sub00/vhpl38 1496061669
AR ddr_ctrl_top logic /home/pdp/Repository/PLASMABRANDAH/rtl/ddr_ctrl_top.vhd sub00/vhpl39 1496061670
AR shifter logic /home/pdp/Repository/PLASMABRANDAH/rtl/shifter.vhd sub00/vhpl17 1496061648
EN mult NULL /home/pdp/Repository/PLASMABRANDAH/rtl/mult.vhd sub00/vhpl18 1496061649
EN clk_gen NULL /home/pdp/Repository/PLASMABRANDAH/rtl/clk_gen.vhd sub00/vhpl34 1496061665
EN ddr_init NULL /home/pdp/Repository/PLASMABRANDAH/rtl/ddr_init.vhd sub00/vhpl22 1496061653
AR mlite_cpu logic /home/pdp/Repository/PLASMABRANDAH/rtl/mlite_cpu.vhd sub00/vhpl27 1496061658
EN plasma NULL /home/pdp/Repository/PLASMABRANDAH/rtl/plasma.vhd sub00/vhpl36 1496061667
AR control logic /home/pdp/Repository/PLASMABRANDAH/rtl/control.vhd sub00/vhpl09 1496061640
EN ddr_ctrl NULL /home/pdp/Repository/PLASMABRANDAH/rtl/ddr_ctrl.vhd sub00/vhpl24 1496061655
AR alu logic /home/pdp/Repository/PLASMABRANDAH/rtl/alu.vhd sub00/vhpl15 1496061646
AR cache logic /home/pdp/Repository/PLASMABRANDAH/rtl/cache.vhd sub00/vhpl29 1496061660
EN boot_ram NULL /home/pdp/Repository/PLASMABRANDAH/rtl/boot_ram.vhd sub00/vhpl30 1496061661
AR cache_ram logic /home/pdp/Repository/PLASMABRANDAH/rtl/cache_ram.vhd sub00/vhpl03 1496061634
EN mem_ctrl NULL /home/pdp/Repository/PLASMABRANDAH/rtl/mem_ctrl.vhd sub00/vhpl06 1496061637
AR bus_mux logic /home/pdp/Repository/PLASMABRANDAH/rtl/bus_mux.vhd sub00/vhpl13 1496061644
AR ddr_init logic /home/pdp/Repository/PLASMABRANDAH/rtl/ddr_init.vhd sub00/vhpl23 1496061654
EN cache NULL /home/pdp/Repository/PLASMABRANDAH/rtl/cache.vhd sub00/vhpl28 1496061659
EN mlite_cpu NULL /home/pdp/Repository/PLASMABRANDAH/rtl/mlite_cpu.vhd sub00/vhpl26 1496061657
EN shifter NULL /home/pdp/Repository/PLASMABRANDAH/rtl/shifter.vhd sub00/vhpl16 1496061647
EN top_ml410 NULL /home/pdp/Repository/PLASMABRANDAH/rtl/top_ml410.vhd sub00/vhpl42 1496061673
AR reg_bank ram_block /home/pdp/Repository/PLASMABRANDAH/rtl/reg_bank.vhd sub00/vhpl11 1496061642
EN cache_ram NULL /home/pdp/Repository/PLASMABRANDAH/rtl/cache_ram.vhd sub00/vhpl02 1496061633
AR plasma_top logic /home/pdp/Repository/PLASMABRANDAH/rtl/plasma_top.vhd sub00/vhpl41 1496061672
AR mem_ctrl logic /home/pdp/Repository/PLASMABRANDAH/rtl/mem_ctrl.vhd sub00/vhpl07 1496061638
EN control NULL /home/pdp/Repository/PLASMABRANDAH/rtl/control.vhd sub00/vhpl08 1496061639
AR top_ml410 logic /home/pdp/Repository/PLASMABRANDAH/rtl/top_ml410.vhd sub00/vhpl43 1496061674
AR clk_gen logic /home/pdp/Repository/PLASMABRANDAH/rtl/clk_gen.vhd sub00/vhpl35 1496061666
AR ddr_ctrl logic /home/pdp/Repository/PLASMABRANDAH/rtl/ddr_ctrl.vhd sub00/vhpl25 1496061656
PB mlite_pack mlite_pack /home/pdp/Repository/PLASMABRANDAH/rtl/mlite_pack.vhd sub00/vhpl01 1496061632
AR pipeline logic /home/pdp/Repository/PLASMABRANDAH/rtl/pipeline.vhd sub00/vhpl21 1496061652
AR mult logic /home/pdp/Repository/PLASMABRANDAH/rtl/mult.vhd sub00/vhpl19 1496061650
EN uart NULL /home/pdp/Repository/PLASMABRANDAH/rtl/uart.vhd sub00/vhpl32 1496061663
EN pipeline NULL /home/pdp/Repository/PLASMABRANDAH/rtl/pipeline.vhd sub00/vhpl20 1496061651
AR uart logic /home/pdp/Repository/PLASMABRANDAH/rtl/uart.vhd sub00/vhpl33 1496061664
EN plasma_top NULL /home/pdp/Repository/PLASMABRANDAH/rtl/plasma_top.vhd sub00/vhpl40 1496061671
AR pc_next logic /home/pdp/Repository/PLASMABRANDAH/rtl/pc_next.vhd sub00/vhpl05 1496061636
EN alu NULL /home/pdp/Repository/PLASMABRANDAH/rtl/alu.vhd sub00/vhpl14 1496061645
AR boot_ram logic /home/pdp/Repository/PLASMABRANDAH/rtl/boot_ram.vhd sub00/vhpl31 1496061662
PH mlite_pack NULL /home/pdp/Repository/PLASMABRANDAH/rtl/mlite_pack.vhd sub00/vhpl00 1496061631
