V3 179
FL /home/pdp/APLASMA/GIT/PLASMABRANDAH/rtl/alu.vhd 2017/05/31.15:53:05 P.20131013
FL /home/pdp/APLASMA/GIT/PLASMABRANDAH/rtl/boot_ram.vhd 2017/05/31.15:53:05 P.20131013
FL /home/pdp/APLASMA/GIT/PLASMABRANDAH/rtl/bus_mux.vhd 2017/05/31.15:53:05 P.20131013
FL /home/pdp/APLASMA/GIT/PLASMABRANDAH/rtl/cache.vhd 2017/05/31.20:51:05 P.20131013
FL /home/pdp/APLASMA/GIT/PLASMABRANDAH/rtl/cache_ram.vhd 2017/05/31.20:51:05 P.20131013
FL /home/pdp/APLASMA/GIT/PLASMABRANDAH/rtl/clk_gen.vhd 2017/05/31.15:53:05 P.20131013
FL /home/pdp/APLASMA/GIT/PLASMABRANDAH/rtl/control.vhd 2017/05/31.15:53:05 P.20131013
FL /home/pdp/APLASMA/GIT/PLASMABRANDAH/rtl/ddr_ctrl.vhd 2017/05/31.15:53:05 P.20131013
FL /home/pdp/APLASMA/GIT/PLASMABRANDAH/rtl/ddr_ctrl_top.vhd 2017/05/31.15:53:05 P.20131013
FL /home/pdp/APLASMA/GIT/PLASMABRANDAH/rtl/ddr_init.vhd 2017/05/31.15:53:05 P.20131013
FL /home/pdp/APLASMA/GIT/PLASMABRANDAH/rtl/mem_ctrl.vhd 2017/05/31.15:53:05 P.20131013
FL /home/pdp/APLASMA/GIT/PLASMABRANDAH/rtl/mlite_cpu.vhd 2017/05/31.15:53:05 P.20131013
FL /home/pdp/APLASMA/GIT/PLASMABRANDAH/rtl/mlite_pack.vhd 2017/05/31.20:51:05 P.20131013
FL /home/pdp/APLASMA/GIT/PLASMABRANDAH/rtl/mult.vhd 2017/05/31.15:53:05 P.20131013
FL /home/pdp/APLASMA/GIT/PLASMABRANDAH/rtl/pc_next.vhd 2017/05/31.15:53:05 P.20131013
FL /home/pdp/APLASMA/GIT/PLASMABRANDAH/rtl/pipeline.vhd 2017/05/31.15:53:05 P.20131013
FL /home/pdp/APLASMA/GIT/PLASMABRANDAH/rtl/plasma.vhd 2017/05/31.20:51:05 P.20131013
FL /home/pdp/APLASMA/GIT/PLASMABRANDAH/rtl/plasma_top.vhd 2017/05/31.15:53:05 P.20131013
FL /home/pdp/APLASMA/GIT/PLASMABRANDAH/rtl/reg_bank.vhd 2017/05/31.15:53:05 P.20131013
FL /home/pdp/APLASMA/GIT/PLASMABRANDAH/rtl/shifter.vhd 2017/05/31.15:53:05 P.20131013
FL /home/pdp/APLASMA/GIT/PLASMABRANDAH/rtl/top_ml410.vhd 2017/05/31.15:53:05 P.20131013
FL /home/pdp/APLASMA/GIT/PLASMABRANDAH/rtl/uart.vhd 2017/05/31.15:53:05 P.20131013
FL /home/pdp/New_Repository/PLASMABRANDAH/rtl/alu.vhd 2017/05/15.06:52:46 P.20131013
FL /home/pdp/New_Repository/PLASMABRANDAH/rtl/boot_ram.vhd 2017/05/15.06:52:46 P.20131013
FL /home/pdp/New_Repository/PLASMABRANDAH/rtl/bus_mux.vhd 2017/05/15.06:52:46 P.20131013
FL /home/pdp/New_Repository/PLASMABRANDAH/rtl/cache.vhd 2017/06/12.05:11:30 P.20131013
FL /home/pdp/New_Repository/PLASMABRANDAH/rtl/cache_ram.vhd 2017/06/07.02:40:38 P.20131013
FL /home/pdp/New_Repository/PLASMABRANDAH/rtl/clk_gen.vhd 2017/05/15.06:52:46 P.20131013
FL /home/pdp/New_Repository/PLASMABRANDAH/rtl/control.vhd 2017/05/15.06:52:46 P.20131013
FL /home/pdp/New_Repository/PLASMABRANDAH/rtl/ddr_ctrl.vhd 2017/05/15.06:52:46 P.20131013
FL /home/pdp/New_Repository/PLASMABRANDAH/rtl/ddr_ctrl_top.vhd 2017/05/15.06:52:46 P.20131013
FL /home/pdp/New_Repository/PLASMABRANDAH/rtl/ddr_init.vhd 2017/05/15.06:52:46 P.20131013
FL /home/pdp/New_Repository/PLASMABRANDAH/rtl/mem_ctrl.vhd 2017/05/15.06:52:46 P.20131013
FL /home/pdp/New_Repository/PLASMABRANDAH/rtl/mlite_cpu.vhd 2017/05/15.06:52:46 P.20131013
FL /home/pdp/New_Repository/PLASMABRANDAH/rtl/mlite_pack.vhd 2017/06/07.02:40:38 P.20131013
FL /home/pdp/New_Repository/PLASMABRANDAH/rtl/mult.vhd 2017/05/15.06:52:46 P.20131013
FL /home/pdp/New_Repository/PLASMABRANDAH/rtl/pc_next.vhd 2017/05/15.06:52:46 P.20131013
FL /home/pdp/New_Repository/PLASMABRANDAH/rtl/pipeline.vhd 2017/05/15.06:52:46 P.20131013
FL /home/pdp/New_Repository/PLASMABRANDAH/rtl/plasma.vhd 2017/06/12.00:09:48 P.20131013
FL /home/pdp/New_Repository/PLASMABRANDAH/rtl/plasma_top.vhd 2017/05/15.06:52:46 P.20131013
FL /home/pdp/New_Repository/PLASMABRANDAH/rtl/reg_bank.vhd 2017/05/15.06:52:46 P.20131013
FL /home/pdp/New_Repository/PLASMABRANDAH/rtl/shifter.vhd 2017/05/15.06:52:46 P.20131013
FL /home/pdp/New_Repository/PLASMABRANDAH/rtl/top_ml410.vhd 2017/05/15.06:52:46 P.20131013
FL /home/pdp/New_Repository/PLASMABRANDAH/rtl/uart.vhd 2017/05/15.06:52:46 P.20131013
FL /home/pdp/pdp/rtl/alu.vhd 2017/03/25.11:39:28 P.20131013
FL /home/pdp/pdp/rtl/boot_ram.vhd 2017/03/25.11:18:23 P.20131013
FL /home/pdp/pdp/rtl/bus_mux.vhd 2017/03/25.10:29:08 P.20131013
FL /home/pdp/pdp/rtl/cache.vhd 2017/03/25.11:23:55 P.20131013
FL /home/pdp/pdp/rtl/cache_ram.vhd 2017/03/25.11:26:12 P.20131013
FL /home/pdp/pdp/rtl/clk_gen.vhd 2017/03/25.11:42:34 P.20131013
FL /home/pdp/pdp/rtl/control.vhd 2017/03/25.12:29:39 P.20131013
FL /home/pdp/pdp/rtl/ddr_ctrl.vhd 2014/04/24.12:27:24 P.20131013
FL /home/pdp/pdp/rtl/ddr_ctrl_top.vhd 2017/03/25.12:33:50 P.20131013
FL /home/pdp/pdp/rtl/ddr_init.vhd 2017/03/25.12:34:33 P.20131013
FL /home/pdp/pdp/rtl/mem_ctrl.vhd 2017/03/25.11:37:58 P.20131013
FL /home/pdp/pdp/rtl/mlite_cpu.vhd 2017/03/25.12:40:59 P.20131013
FL /home/pdp/pdp/rtl/mlite_pack.vhd 2017/03/25.13:21:31 P.20131013
FL /home/pdp/pdp/rtl/mult.vhd 2017/03/25.12:59:11 P.20131013
FL /home/pdp/pdp/rtl/pc_next.vhd 2017/03/25.12:52:52 P.20131013
FL /home/pdp/pdp/rtl/pipeline.vhd 2017/03/25.12:50:55 P.20131013
FL /home/pdp/pdp/rtl/plasma.vhd 2017/03/25.08:40:27 P.20131013
FL /home/pdp/pdp/rtl/plasma_top.vhd 2017/03/25.08:49:25 P.20131013
FL /home/pdp/pdp/rtl/reg_bank.vhd 2017/03/25.12:46:35 P.20131013
FL /home/pdp/pdp/rtl/shifter.vhd 2017/03/25.12:42:44 P.20131013
FL /home/pdp/pdp/rtl/top_ml410.vhd 2017/03/25.11:28:09 P.20131013
FL /home/pdp/pdp/rtl/uart.vhd 2017/03/25.13:19:09 P.20131013
FL /home/pdp/Repository/PLASMABRANDAH/rtl/alu.vhd 2017/06/02.10:42:42 P.20131013
EN work/alu 1504100408 FL /home/pdp/Repository/PLASMABRANDAH/rtl/alu.vhd \
      PB ieee/std_logic_1164 1381692176 PB work/mlite_pack 1504100395
AR work/alu/logic 1504100409 \
      FL /home/pdp/Repository/PLASMABRANDAH/rtl/alu.vhd EN work/alu 1504100408
FL /home/pdp/Repository/PLASMABRANDAH/rtl/boot_ram.vhd 2017/06/02.10:42:42 P.20131013
EN work/boot_ram 1504100424 \
      FL /home/pdp/Repository/PLASMABRANDAH/rtl/boot_ram.vhd \
      PB ieee/std_logic_1164 1381692176 PB ieee/STD_LOGIC_UNSIGNED 1381692179 \
      PB work/mlite_pack 1504100395 LB unisim PH unisim/VCOMPONENTS 1381692182
AR work/boot_ram/logic 1504100425 \
      FL /home/pdp/Repository/PLASMABRANDAH/rtl/boot_ram.vhd EN work/boot_ram 1504100424 \
      CP RAMB16_S9
FL /home/pdp/Repository/PLASMABRANDAH/rtl/bus_mux.vhd 2017/06/02.10:42:42 P.20131013
EN work/bus_mux 1504100406 FL /home/pdp/Repository/PLASMABRANDAH/rtl/bus_mux.vhd \
      PB ieee/std_logic_1164 1381692176 PB work/mlite_pack 1504100395
AR work/bus_mux/logic 1504100407 \
      FL /home/pdp/Repository/PLASMABRANDAH/rtl/bus_mux.vhd EN work/bus_mux 1504100406
FL /home/pdp/Repository/PLASMABRANDAH/rtl/cache.vhd 2017/08/30.15:36:15 P.20131013
EN work/cache 1504100422 FL /home/pdp/Repository/PLASMABRANDAH/rtl/cache.vhd \
      PB ieee/std_logic_1164 1381692176 PB ieee/STD_LOGIC_UNSIGNED 1381692179 \
      LB unisim PH unisim/VCOMPONENTS 1381692182 PB work/mlite_pack 1504100395
AR work/cache/logic 1504100423 \
      FL /home/pdp/Repository/PLASMABRANDAH/rtl/cache.vhd EN work/cache 1504100422 \
      CP RAMB16_S9_S9 CP cache_ram
FL /home/pdp/Repository/PLASMABRANDAH/rtl/cache_ram.vhd 2017/08/25.16:37:40 P.20131013
EN work/cache_ram 1504100396 \
      FL /home/pdp/Repository/PLASMABRANDAH/rtl/cache_ram.vhd \
      PB ieee/std_logic_1164 1381692176 PB ieee/STD_LOGIC_UNSIGNED 1381692179 \
      PB work/mlite_pack 1504100395 LB unisim PH unisim/VCOMPONENTS 1381692182
AR work/cache_ram/logic 1504100397 \
      FL /home/pdp/Repository/PLASMABRANDAH/rtl/cache_ram.vhd EN work/cache_ram 1504100396 \
      CP RAMB16_S9_S9
FL /home/pdp/Repository/PLASMABRANDAH/rtl/clk_gen.vhd 2017/06/02.10:42:42 P.20131013
EN work/clk_gen 1504100428 FL /home/pdp/Repository/PLASMABRANDAH/rtl/clk_gen.vhd \
      PB ieee/std_logic_1164 1381692176 LB unisim PH unisim/VCOMPONENTS 1381692182
AR work/clk_gen/logic 1504100429 \
      FL /home/pdp/Repository/PLASMABRANDAH/rtl/clk_gen.vhd EN work/clk_gen 1504100428 \
      CP DCM_BASE CP BUFG
FL /home/pdp/Repository/PLASMABRANDAH/rtl/control.vhd 2017/08/25.14:01:27 P.20131013
EN work/control 1504100402 FL /home/pdp/Repository/PLASMABRANDAH/rtl/control.vhd \
      PB ieee/std_logic_1164 1381692176 PB work/mlite_pack 1504100395
AR work/control/logic 1504100403 \
      FL /home/pdp/Repository/PLASMABRANDAH/rtl/control.vhd EN work/control 1504100402
FL /home/pdp/Repository/PLASMABRANDAH/rtl/ddr_ctrl.vhd 2017/06/02.10:42:42 P.20131013
EN work/ddr_ctrl 1504100418 \
      FL /home/pdp/Repository/PLASMABRANDAH/rtl/ddr_ctrl.vhd \
      PB ieee/std_logic_1164 1381692176 PB ieee/STD_LOGIC_UNSIGNED 1381692179 \
      PB ieee/std_logic_arith 1381692177 PB work/mlite_pack 1504100395
AR work/ddr_ctrl/logic 1504100419 \
      FL /home/pdp/Repository/PLASMABRANDAH/rtl/ddr_ctrl.vhd EN work/ddr_ctrl 1504100418
FL /home/pdp/Repository/PLASMABRANDAH/rtl/ddr_ctrl_top.vhd 2017/06/02.10:42:42 P.20131013
EN work/ddr_ctrl_top 1504100432 \
      FL /home/pdp/Repository/PLASMABRANDAH/rtl/ddr_ctrl_top.vhd \
      PB ieee/std_logic_1164 1381692176 PB ieee/STD_LOGIC_UNSIGNED 1381692179 \
      PB ieee/std_logic_arith 1381692177 PB work/mlite_pack 1504100395
AR work/ddr_ctrl_top/logic 1504100433 \
      FL /home/pdp/Repository/PLASMABRANDAH/rtl/ddr_ctrl_top.vhd \
      EN work/ddr_ctrl_top 1504100432 CP ddr_init CP ddr_ctrl
FL /home/pdp/Repository/PLASMABRANDAH/rtl/ddr_init.vhd 2017/06/02.10:42:42 P.20131013
EN work/ddr_init 1504100416 \
      FL /home/pdp/Repository/PLASMABRANDAH/rtl/ddr_init.vhd \
      PB ieee/std_logic_1164 1381692176 PB ieee/STD_LOGIC_UNSIGNED 1381692179 \
      PB ieee/std_logic_arith 1381692177
AR work/ddr_init/logic 1504100417 \
      FL /home/pdp/Repository/PLASMABRANDAH/rtl/ddr_init.vhd EN work/ddr_init 1504100416
FL /home/pdp/Repository/PLASMABRANDAH/rtl/mem_ctrl.vhd 2017/06/02.10:42:42 P.20131013
EN work/mem_ctrl 1504100400 \
      FL /home/pdp/Repository/PLASMABRANDAH/rtl/mem_ctrl.vhd \
      PB ieee/std_logic_1164 1381692176 PB work/mlite_pack 1504100395
AR work/mem_ctrl/logic 1504100401 \
      FL /home/pdp/Repository/PLASMABRANDAH/rtl/mem_ctrl.vhd EN work/mem_ctrl 1504100400
FL /home/pdp/Repository/PLASMABRANDAH/rtl/mlite_cpu.vhd 2017/06/02.10:42:42 P.20131013
EN work/mlite_cpu 1504100420 \
      FL /home/pdp/Repository/PLASMABRANDAH/rtl/mlite_cpu.vhd PB work/mlite_pack 1504100395 \
      PB ieee/std_logic_1164 1381692176 PB ieee/STD_LOGIC_UNSIGNED 1381692179
AR work/mlite_cpu/logic 1504100421 \
      FL /home/pdp/Repository/PLASMABRANDAH/rtl/mlite_cpu.vhd EN work/mlite_cpu 1504100420 \
      CP pc_next CP mem_ctrl CP control CP reg_bank CP bus_mux CP alu CP shifter \
      CP mult CP pipeline
FL /home/pdp/Repository/PLASMABRANDAH/rtl/mlite_pack.vhd 2017/08/25.10:31:47 P.20131013
PH work/mlite_pack 1504100394 \
      FL /home/pdp/Repository/PLASMABRANDAH/rtl/mlite_pack.vhd \
      PB ieee/std_logic_1164 1381692176 CD lpm_ram_dp CD LPM_RAM_DQ CD RAM32X1D \
      CD pc_next CD mem_ctrl CD control CD reg_bank CD bus_mux CD alu CD shifter \
      CD mult CD pipeline CD mlite_cpu CD cache CD cache_ram CD cache_ram_bb \
      CD boot_ram CD uart CD plasma CD ddr_ctrl
PB work/mlite_pack 1504100395 \
      FL /home/pdp/Repository/PLASMABRANDAH/rtl/mlite_pack.vhd PH work/mlite_pack 1504100394
FL /home/pdp/Repository/PLASMABRANDAH/rtl/mult.vhd 2017/06/02.10:42:42 P.20131013
EN work/mult 1504100412 FL /home/pdp/Repository/PLASMABRANDAH/rtl/mult.vhd \
      PB ieee/std_logic_1164 1381692176 PB ieee/STD_LOGIC_UNSIGNED 1381692179 \
      PB ieee/std_logic_arith 1381692177 PB work/mlite_pack 1504100395
AR work/mult/logic 1504100413 \
      FL /home/pdp/Repository/PLASMABRANDAH/rtl/mult.vhd EN work/mult 1504100412
FL /home/pdp/Repository/PLASMABRANDAH/rtl/pc_next.vhd 2017/06/02.10:42:42 P.20131013
EN work/pc_next 1504100398 FL /home/pdp/Repository/PLASMABRANDAH/rtl/pc_next.vhd \
      PB ieee/std_logic_1164 1381692176 PB work/mlite_pack 1504100395
AR work/pc_next/logic 1504100399 \
      FL /home/pdp/Repository/PLASMABRANDAH/rtl/pc_next.vhd EN work/pc_next 1504100398
FL /home/pdp/Repository/PLASMABRANDAH/rtl/pipeline.vhd 2017/06/02.10:42:42 P.20131013
EN work/pipeline 1504100414 \
      FL /home/pdp/Repository/PLASMABRANDAH/rtl/pipeline.vhd \
      PB ieee/std_logic_1164 1381692176 PB work/mlite_pack 1504100395
AR work/pipeline/logic 1504100415 \
      FL /home/pdp/Repository/PLASMABRANDAH/rtl/pipeline.vhd EN work/pipeline 1504100414
FL /home/pdp/Repository/PLASMABRANDAH/rtl/plasma.vhd 2017/06/26.16:56:06 P.20131013
EN work/plasma 1504100430 FL /home/pdp/Repository/PLASMABRANDAH/rtl/plasma.vhd \
      PB ieee/std_logic_1164 1381692176 PB work/mlite_pack 1504100395
AR work/plasma/logic 1504100431 \
      FL /home/pdp/Repository/PLASMABRANDAH/rtl/plasma.vhd EN work/plasma 1504100430 \
      CP mlite_cpu CP cache CP boot_ram CP uart
FL /home/pdp/Repository/PLASMABRANDAH/rtl/plasma_top.vhd 2017/06/02.10:42:42 P.20131013
EN work/plasma_top 1504100434 \
      FL /home/pdp/Repository/PLASMABRANDAH/rtl/plasma_top.vhd \
      PB ieee/std_logic_1164 1381692176 PB ieee/STD_LOGIC_UNSIGNED 1381692179 \
      PB ieee/std_logic_arith 1381692177 LB unisim PH unisim/VCOMPONENTS 1381692182
AR work/plasma_top/logic 1504100435 \
      FL /home/pdp/Repository/PLASMABRANDAH/rtl/plasma_top.vhd EN work/plasma_top 1504100434 \
      CP IBUF CP clk_gen CP plasma CP ddr_ctrl_top
FL /home/pdp/Repository/PLASMABRANDAH/rtl/reg_bank.vhd 2017/06/02.10:42:42 P.20131013
EN work/reg_bank 1504100404 \
      FL /home/pdp/Repository/PLASMABRANDAH/rtl/reg_bank.vhd \
      PB ieee/std_logic_1164 1381692176 PB ieee/STD_LOGIC_UNSIGNED 1381692179 \
      PB work/mlite_pack 1504100395 LB unisim PH unisim/VCOMPONENTS 1381692182
AR work/reg_bank/ram_block 1504100405 \
      FL /home/pdp/Repository/PLASMABRANDAH/rtl/reg_bank.vhd EN work/reg_bank 1504100404 \
      CP RAM16X1D
FL /home/pdp/Repository/PLASMABRANDAH/rtl/shifter.vhd 2017/06/02.10:42:42 P.20131013
EN work/shifter 1504100410 FL /home/pdp/Repository/PLASMABRANDAH/rtl/shifter.vhd \
      PB ieee/std_logic_1164 1381692176 PB work/mlite_pack 1504100395
AR work/shifter/logic 1504100411 \
      FL /home/pdp/Repository/PLASMABRANDAH/rtl/shifter.vhd EN work/shifter 1504100410
FL /home/pdp/Repository/PLASMABRANDAH/rtl/top_ml410.vhd 2017/06/02.10:42:42 P.20131013
EN work/top_ml410 1504100436 \
      FL /home/pdp/Repository/PLASMABRANDAH/rtl/top_ml410.vhd \
      PB ieee/std_logic_1164 1381692176 PB ieee/STD_LOGIC_UNSIGNED 1381692179 \
      PB ieee/std_logic_arith 1381692177
AR work/top_ml410/logic 1504100437 \
      FL /home/pdp/Repository/PLASMABRANDAH/rtl/top_ml410.vhd EN work/top_ml410 1504100436 \
      CP plasma_top
FL /home/pdp/Repository/PLASMABRANDAH/rtl/uart.vhd 2017/06/02.10:42:42 P.20131013
EN work/uart 1504100426 FL /home/pdp/Repository/PLASMABRANDAH/rtl/uart.vhd \
      PB ieee/std_logic_1164 1381692176 PB ieee/std_logic_misc 1381692178 \
      PB ieee/std_logic_arith 1381692177 PB ieee/STD_LOGIC_TEXTIO 1381692180 \
      PB ieee/STD_LOGIC_UNSIGNED 1381692179 PB ieee/NUMERIC_STD 1381692181 \
      PB ieee/MATH_REAL 1381692182 PB std/TEXTIO 1381692176 PB work/mlite_pack 1504100395
AR work/uart/logic 1504100427 \
      FL /home/pdp/Repository/PLASMABRANDAH/rtl/uart.vhd EN work/uart 1504100426
