V3 177
FL /home/pdp/APLASMA/GITHOMEPC/PLASMABRANDAH/rtl/alu.vhd 2017/05/31.16:00:18 P.20131013
EN work/alu 1496246940 FL /home/pdp/APLASMA/GITHOMEPC/PLASMABRANDAH/rtl/alu.vhd \
      PB ieee/std_logic_1164 1381692176 PB work/mlite_pack 1496246927
AR work/alu/logic 1496246941 \
      FL /home/pdp/APLASMA/GITHOMEPC/PLASMABRANDAH/rtl/alu.vhd EN work/alu 1496246940
FL /home/pdp/APLASMA/GITHOMEPC/PLASMABRANDAH/rtl/boot_ram.vhd 2017/05/31.16:00:18 P.20131013
EN work/boot_ram 1496246952 \
      FL /home/pdp/APLASMA/GITHOMEPC/PLASMABRANDAH/rtl/boot_ram.vhd \
      PB ieee/std_logic_1164 1381692176 PB ieee/STD_LOGIC_UNSIGNED 1381692179 \
      PB work/mlite_pack 1496246927 LB unisim PH unisim/VCOMPONENTS 1381692182
AR work/boot_ram/logic 1496246953 \
      FL /home/pdp/APLASMA/GITHOMEPC/PLASMABRANDAH/rtl/boot_ram.vhd \
      EN work/boot_ram 1496246952 CP RAMB16_S9
FL /home/pdp/APLASMA/GITHOMEPC/PLASMABRANDAH/rtl/bus_mux.vhd 2017/05/31.16:00:18 P.20131013
EN work/bus_mux 1496246938 \
      FL /home/pdp/APLASMA/GITHOMEPC/PLASMABRANDAH/rtl/bus_mux.vhd \
      PB ieee/std_logic_1164 1381692176 PB work/mlite_pack 1496246927
AR work/bus_mux/logic 1496246939 \
      FL /home/pdp/APLASMA/GITHOMEPC/PLASMABRANDAH/rtl/bus_mux.vhd \
      EN work/bus_mux 1496246938
FL /home/pdp/APLASMA/GITHOMEPC/PLASMABRANDAH/rtl/cache.vhd 2017/05/31.16:01:47 P.20131013
EN work/cache 1496246950 \
      FL /home/pdp/APLASMA/GITHOMEPC/PLASMABRANDAH/rtl/cache.vhd \
      PB ieee/std_logic_1164 1381692176 PB ieee/STD_LOGIC_UNSIGNED 1381692179 \
      LB unisim PH unisim/VCOMPONENTS 1381692182 PB work/mlite_pack 1496246927
AR work/cache/logic 1496246951 \
      FL /home/pdp/APLASMA/GITHOMEPC/PLASMABRANDAH/rtl/cache.vhd EN work/cache 1496246950 \
      CP RAMB16_S9 CP cache_ram
FL /home/pdp/APLASMA/GITHOMEPC/PLASMABRANDAH/rtl/cache_ram.vhd 2017/05/31.16:01:47 P.20131013
EN work/cache_ram 1496246928 \
      FL /home/pdp/APLASMA/GITHOMEPC/PLASMABRANDAH/rtl/cache_ram.vhd \
      PB ieee/std_logic_1164 1381692176 PB ieee/STD_LOGIC_UNSIGNED 1381692179 \
      PB work/mlite_pack 1496246927 LB unisim PH unisim/VCOMPONENTS 1381692182
AR work/cache_ram/logic 1496246929 \
      FL /home/pdp/APLASMA/GITHOMEPC/PLASMABRANDAH/rtl/cache_ram.vhd \
      EN work/cache_ram 1496246928 CP RAMB16_S9
FL /home/pdp/APLASMA/GITHOMEPC/PLASMABRANDAH/rtl/clk_gen.vhd 2017/05/31.16:00:18 P.20131013
EN work/clk_gen 1496242469 \
      FL /home/pdp/APLASMA/GITHOMEPC/PLASMABRANDAH/rtl/clk_gen.vhd \
      PB ieee/std_logic_1164 1381692176 LB unisim PH unisim/VCOMPONENTS 1381692182
AR work/clk_gen/logic 1496242470 \
      FL /home/pdp/APLASMA/GITHOMEPC/PLASMABRANDAH/rtl/clk_gen.vhd \
      EN work/clk_gen 1496242469 CP DCM_BASE CP BUFG
FL /home/pdp/APLASMA/GITHOMEPC/PLASMABRANDAH/rtl/control.vhd 2017/05/31.16:00:18 P.20131013
EN work/control 1496246934 \
      FL /home/pdp/APLASMA/GITHOMEPC/PLASMABRANDAH/rtl/control.vhd \
      PB ieee/std_logic_1164 1381692176 PB work/mlite_pack 1496246927
AR work/control/logic 1496246935 \
      FL /home/pdp/APLASMA/GITHOMEPC/PLASMABRANDAH/rtl/control.vhd \
      EN work/control 1496246934
FL /home/pdp/APLASMA/GITHOMEPC/PLASMABRANDAH/rtl/ddr_ctrl.vhd 2017/05/31.16:00:18 P.20131013
EN work/ddr_ctrl 1496242459 \
      FL /home/pdp/APLASMA/GITHOMEPC/PLASMABRANDAH/rtl/ddr_ctrl.vhd \
      PB ieee/std_logic_1164 1381692176 PB ieee/STD_LOGIC_UNSIGNED 1381692179 \
      PB ieee/std_logic_arith 1381692177 PB work/mlite_pack 1496246927
AR work/ddr_ctrl/logic 1496242460 \
      FL /home/pdp/APLASMA/GITHOMEPC/PLASMABRANDAH/rtl/ddr_ctrl.vhd \
      EN work/ddr_ctrl 1496242459
FL /home/pdp/APLASMA/GITHOMEPC/PLASMABRANDAH/rtl/ddr_ctrl_top.vhd 2017/05/31.16:00:18 P.20131013
EN work/ddr_ctrl_top 1496242473 \
      FL /home/pdp/APLASMA/GITHOMEPC/PLASMABRANDAH/rtl/ddr_ctrl_top.vhd \
      PB ieee/std_logic_1164 1381692176 PB ieee/STD_LOGIC_UNSIGNED 1381692179 \
      PB ieee/std_logic_arith 1381692177 PB work/mlite_pack 1496246927
AR work/ddr_ctrl_top/logic 1496242474 \
      FL /home/pdp/APLASMA/GITHOMEPC/PLASMABRANDAH/rtl/ddr_ctrl_top.vhd \
      EN work/ddr_ctrl_top 1496242473 CP ddr_init CP ddr_ctrl
FL /home/pdp/APLASMA/GITHOMEPC/PLASMABRANDAH/rtl/ddr_init.vhd 2017/05/31.16:00:18 P.20131013
EN work/ddr_init 1496242457 \
      FL /home/pdp/APLASMA/GITHOMEPC/PLASMABRANDAH/rtl/ddr_init.vhd \
      PB ieee/std_logic_1164 1381692176 PB ieee/STD_LOGIC_UNSIGNED 1381692179 \
      PB ieee/std_logic_arith 1381692177
AR work/ddr_init/logic 1496242458 \
      FL /home/pdp/APLASMA/GITHOMEPC/PLASMABRANDAH/rtl/ddr_init.vhd \
      EN work/ddr_init 1496242457
FL /home/pdp/APLASMA/GITHOMEPC/PLASMABRANDAH/rtl/mem_ctrl.vhd 2017/05/31.16:00:18 P.20131013
EN work/mem_ctrl 1496246932 \
      FL /home/pdp/APLASMA/GITHOMEPC/PLASMABRANDAH/rtl/mem_ctrl.vhd \
      PB ieee/std_logic_1164 1381692176 PB work/mlite_pack 1496246927
AR work/mem_ctrl/logic 1496246933 \
      FL /home/pdp/APLASMA/GITHOMEPC/PLASMABRANDAH/rtl/mem_ctrl.vhd \
      EN work/mem_ctrl 1496246932
FL /home/pdp/APLASMA/GITHOMEPC/PLASMABRANDAH/rtl/mlite_cpu.vhd 2017/05/31.16:00:18 P.20131013
EN work/mlite_cpu 1496246948 \
      FL /home/pdp/APLASMA/GITHOMEPC/PLASMABRANDAH/rtl/mlite_cpu.vhd \
      PB work/mlite_pack 1496246927 PB ieee/std_logic_1164 1381692176 \
      PB ieee/STD_LOGIC_UNSIGNED 1381692179
AR work/mlite_cpu/logic 1496246949 \
      FL /home/pdp/APLASMA/GITHOMEPC/PLASMABRANDAH/rtl/mlite_cpu.vhd \
      EN work/mlite_cpu 1496246948 CP pc_next CP mem_ctrl CP control CP reg_bank \
      CP bus_mux CP alu CP shifter CP mult CP pipeline
FL /home/pdp/APLASMA/GITHOMEPC/PLASMABRANDAH/rtl/mlite_pack.vhd 2017/05/31.16:01:47 P.20131013
PH work/mlite_pack 1496246926 \
      FL /home/pdp/APLASMA/GITHOMEPC/PLASMABRANDAH/rtl/mlite_pack.vhd \
      PB ieee/std_logic_1164 1381692176 CD lpm_ram_dp CD LPM_RAM_DQ CD RAM32X1D \
      CD pc_next CD mem_ctrl CD control CD reg_bank CD bus_mux CD alu CD shifter \
      CD mult CD pipeline CD mlite_cpu CD cache CD cache_ram CD boot_ram CD uart \
      CD plasma CD ddr_ctrl
PB work/mlite_pack 1496246927 \
      FL /home/pdp/APLASMA/GITHOMEPC/PLASMABRANDAH/rtl/mlite_pack.vhd \
      PH work/mlite_pack 1496246926
FL /home/pdp/APLASMA/GITHOMEPC/PLASMABRANDAH/rtl/mult.vhd 2017/05/31.16:00:18 P.20131013
EN work/mult 1496246944 FL /home/pdp/APLASMA/GITHOMEPC/PLASMABRANDAH/rtl/mult.vhd \
      PB ieee/std_logic_1164 1381692176 PB ieee/STD_LOGIC_UNSIGNED 1381692179 \
      PB ieee/std_logic_arith 1381692177 PB work/mlite_pack 1496246927
AR work/mult/logic 1496246945 \
      FL /home/pdp/APLASMA/GITHOMEPC/PLASMABRANDAH/rtl/mult.vhd EN work/mult 1496246944
FL /home/pdp/APLASMA/GITHOMEPC/PLASMABRANDAH/rtl/pc_next.vhd 2017/05/31.16:00:18 P.20131013
EN work/pc_next 1496246930 \
      FL /home/pdp/APLASMA/GITHOMEPC/PLASMABRANDAH/rtl/pc_next.vhd \
      PB ieee/std_logic_1164 1381692176 PB work/mlite_pack 1496246927
AR work/pc_next/logic 1496246931 \
      FL /home/pdp/APLASMA/GITHOMEPC/PLASMABRANDAH/rtl/pc_next.vhd \
      EN work/pc_next 1496246930
FL /home/pdp/APLASMA/GITHOMEPC/PLASMABRANDAH/rtl/pipeline.vhd 2017/05/31.16:00:18 P.20131013
EN work/pipeline 1496246946 \
      FL /home/pdp/APLASMA/GITHOMEPC/PLASMABRANDAH/rtl/pipeline.vhd \
      PB ieee/std_logic_1164 1381692176 PB work/mlite_pack 1496246927
AR work/pipeline/logic 1496246947 \
      FL /home/pdp/APLASMA/GITHOMEPC/PLASMABRANDAH/rtl/pipeline.vhd \
      EN work/pipeline 1496246946
FL /home/pdp/APLASMA/GITHOMEPC/PLASMABRANDAH/rtl/plasma.vhd 2017/05/31.16:01:47 P.20131013
EN work/plasma 1496246956 \
      FL /home/pdp/APLASMA/GITHOMEPC/PLASMABRANDAH/rtl/plasma.vhd \
      PB ieee/std_logic_1164 1381692176 PB work/mlite_pack 1496246927
AR work/plasma/logic 1496246957 \
      FL /home/pdp/APLASMA/GITHOMEPC/PLASMABRANDAH/rtl/plasma.vhd EN work/plasma 1496246956 \
      CP mlite_cpu CP cache CP boot_ram CP uart
FL /home/pdp/APLASMA/GITHOMEPC/PLASMABRANDAH/rtl/plasma_top.vhd 2017/05/31.16:00:18 P.20131013
EN work/plasma_top 1496242475 \
      FL /home/pdp/APLASMA/GITHOMEPC/PLASMABRANDAH/rtl/plasma_top.vhd \
      PB ieee/std_logic_1164 1381692176 PB ieee/STD_LOGIC_UNSIGNED 1381692179 \
      PB ieee/std_logic_arith 1381692177 LB unisim PH unisim/VCOMPONENTS 1381692182
AR work/plasma_top/logic 1496242476 \
      FL /home/pdp/APLASMA/GITHOMEPC/PLASMABRANDAH/rtl/plasma_top.vhd \
      EN work/plasma_top 1496242475 CP IBUF CP clk_gen CP plasma CP ddr_ctrl_top
FL /home/pdp/APLASMA/GITHOMEPC/PLASMABRANDAH/rtl/reg_bank.vhd 2017/05/31.16:00:18 P.20131013
EN work/reg_bank 1496246936 \
      FL /home/pdp/APLASMA/GITHOMEPC/PLASMABRANDAH/rtl/reg_bank.vhd \
      PB ieee/std_logic_1164 1381692176 PB ieee/STD_LOGIC_UNSIGNED 1381692179 \
      PB work/mlite_pack 1496246927 LB unisim PH unisim/VCOMPONENTS 1381692182
AR work/reg_bank/ram_block 1496246937 \
      FL /home/pdp/APLASMA/GITHOMEPC/PLASMABRANDAH/rtl/reg_bank.vhd \
      EN work/reg_bank 1496246936 CP RAM16X1D
FL /home/pdp/APLASMA/GITHOMEPC/PLASMABRANDAH/rtl/shifter.vhd 2017/05/31.16:00:18 P.20131013
EN work/shifter 1496246942 \
      FL /home/pdp/APLASMA/GITHOMEPC/PLASMABRANDAH/rtl/shifter.vhd \
      PB ieee/std_logic_1164 1381692176 PB work/mlite_pack 1496246927
AR work/shifter/logic 1496246943 \
      FL /home/pdp/APLASMA/GITHOMEPC/PLASMABRANDAH/rtl/shifter.vhd \
      EN work/shifter 1496246942
FL /home/pdp/APLASMA/GITHOMEPC/PLASMABRANDAH/rtl/top_ml410.vhd 2017/05/31.16:00:18 P.20131013
EN work/top_ml410 1496242477 \
      FL /home/pdp/APLASMA/GITHOMEPC/PLASMABRANDAH/rtl/top_ml410.vhd \
      PB ieee/std_logic_1164 1381692176 PB ieee/STD_LOGIC_UNSIGNED 1381692179 \
      PB ieee/std_logic_arith 1381692177
AR work/top_ml410/logic 1496242478 \
      FL /home/pdp/APLASMA/GITHOMEPC/PLASMABRANDAH/rtl/top_ml410.vhd \
      EN work/top_ml410 1496242477 CP plasma_top
FL /home/pdp/APLASMA/GITHOMEPC/PLASMABRANDAH/rtl/uart.vhd 2017/05/31.16:00:18 P.20131013
EN work/uart 1496246954 FL /home/pdp/APLASMA/GITHOMEPC/PLASMABRANDAH/rtl/uart.vhd \
      PB ieee/std_logic_1164 1381692176 PB ieee/std_logic_misc 1381692178 \
      PB ieee/std_logic_arith 1381692177 PB ieee/STD_LOGIC_TEXTIO 1381692180 \
      PB ieee/STD_LOGIC_UNSIGNED 1381692179 PB ieee/NUMERIC_STD 1381692181 \
      PB ieee/MATH_REAL 1381692182 PB std/TEXTIO 1381692176 PB work/mlite_pack 1496246927
AR work/uart/logic 1496246955 \
      FL /home/pdp/APLASMA/GITHOMEPC/PLASMABRANDAH/rtl/uart.vhd EN work/uart 1496246954
FL /home/pdp/New_Repository/PLASMABRANDAH/rtl/alu.vhd 2017/05/15.06:52:46 P.20131013
FL /home/pdp/New_Repository/PLASMABRANDAH/rtl/boot_ram.vhd 2017/05/15.06:52:46 P.20131013
FL /home/pdp/New_Repository/PLASMABRANDAH/rtl/bus_mux.vhd 2017/05/15.06:52:46 P.20131013
FL /home/pdp/New_Repository/PLASMABRANDAH/rtl/cache.vhd 2017/05/22.06:38:03 P.20131013
FL /home/pdp/New_Repository/PLASMABRANDAH/rtl/cache_ram.vhd 2017/05/22.06:07:16 P.20131013
FL /home/pdp/New_Repository/PLASMABRANDAH/rtl/clk_gen.vhd 2017/05/15.06:52:46 P.20131013
FL /home/pdp/New_Repository/PLASMABRANDAH/rtl/control.vhd 2017/05/15.06:52:46 P.20131013
FL /home/pdp/New_Repository/PLASMABRANDAH/rtl/ddr_ctrl.vhd 2017/05/15.06:52:46 P.20131013
FL /home/pdp/New_Repository/PLASMABRANDAH/rtl/ddr_ctrl_top.vhd 2017/05/15.06:52:46 P.20131013
FL /home/pdp/New_Repository/PLASMABRANDAH/rtl/ddr_init.vhd 2017/05/15.06:52:46 P.20131013
FL /home/pdp/New_Repository/PLASMABRANDAH/rtl/mem_ctrl.vhd 2017/05/15.06:52:46 P.20131013
FL /home/pdp/New_Repository/PLASMABRANDAH/rtl/mlite_cpu.vhd 2017/05/15.06:52:46 P.20131013
FL /home/pdp/New_Repository/PLASMABRANDAH/rtl/mlite_pack.vhd 2017/05/22.07:06:55 P.20131013
FL /home/pdp/New_Repository/PLASMABRANDAH/rtl/mult.vhd 2017/05/15.06:52:46 P.20131013
FL /home/pdp/New_Repository/PLASMABRANDAH/rtl/pc_next.vhd 2017/05/15.06:52:46 P.20131013
FL /home/pdp/New_Repository/PLASMABRANDAH/rtl/pipeline.vhd 2017/05/15.06:52:46 P.20131013
FL /home/pdp/New_Repository/PLASMABRANDAH/rtl/plasma.vhd 2017/05/22.06:07:16 P.20131013
FL /home/pdp/New_Repository/PLASMABRANDAH/rtl/plasma_top.vhd 2017/05/15.06:52:46 P.20131013
FL /home/pdp/New_Repository/PLASMABRANDAH/rtl/reg_bank.vhd 2017/05/15.06:52:46 P.20131013
FL /home/pdp/New_Repository/PLASMABRANDAH/rtl/shifter.vhd 2017/05/15.06:52:46 P.20131013
FL /home/pdp/New_Repository/PLASMABRANDAH/rtl/top_ml410.vhd 2017/05/15.06:52:46 P.20131013
FL /home/pdp/New_Repository/PLASMABRANDAH/rtl/uart.vhd 2017/05/15.06:52:46 P.20131013
FL /home/pdp/pdp/rtl/alu.vhd 2017/03/25.11:39:28 P.20131013
FL /home/pdp/pdp/rtl/boot_ram.vhd 2017/03/25.11:18:23 P.20131013
FL /home/pdp/pdp/rtl/bus_mux.vhd 2017/03/25.10:29:08 P.20131013
FL /home/pdp/pdp/rtl/cache.vhd 2017/03/25.11:23:55 P.20131013
FL /home/pdp/pdp/rtl/cache_ram.vhd 2017/03/25.11:26:12 P.20131013
FL /home/pdp/pdp/rtl/clk_gen.vhd 2017/03/25.11:42:34 P.20131013
FL /home/pdp/pdp/rtl/control.vhd 2017/03/25.12:29:39 P.20131013
FL /home/pdp/pdp/rtl/ddr_ctrl.vhd 2014/04/24.12:27:24 P.20131013
FL /home/pdp/pdp/rtl/ddr_ctrl_top.vhd 2017/03/25.12:33:50 P.20131013
FL /home/pdp/pdp/rtl/ddr_init.vhd 2017/03/25.12:34:33 P.20131013
FL /home/pdp/pdp/rtl/mem_ctrl.vhd 2017/03/25.11:37:58 P.20131013
FL /home/pdp/pdp/rtl/mlite_cpu.vhd 2017/03/25.12:40:59 P.20131013
FL /home/pdp/pdp/rtl/mlite_pack.vhd 2017/03/25.13:21:31 P.20131013
FL /home/pdp/pdp/rtl/mult.vhd 2017/03/25.12:59:11 P.20131013
FL /home/pdp/pdp/rtl/pc_next.vhd 2017/03/25.12:52:52 P.20131013
FL /home/pdp/pdp/rtl/pipeline.vhd 2017/03/25.12:50:55 P.20131013
FL /home/pdp/pdp/rtl/plasma.vhd 2017/03/25.08:40:27 P.20131013
FL /home/pdp/pdp/rtl/plasma_top.vhd 2017/03/25.08:49:25 P.20131013
FL /home/pdp/pdp/rtl/reg_bank.vhd 2017/03/25.12:46:35 P.20131013
FL /home/pdp/pdp/rtl/shifter.vhd 2017/03/25.12:42:44 P.20131013
FL /home/pdp/pdp/rtl/top_ml410.vhd 2017/03/25.11:28:09 P.20131013
FL /home/pdp/pdp/rtl/uart.vhd 2017/03/25.13:19:09 P.20131013
FL /home/pdp/Repository/PLASMABRANDAH/rtl/alu.vhd 2017/05/25.10:28:10 P.20131013
FL /home/pdp/Repository/PLASMABRANDAH/rtl/boot_ram.vhd 2017/05/25.10:28:10 P.20131013
FL /home/pdp/Repository/PLASMABRANDAH/rtl/bus_mux.vhd 2017/05/25.10:28:10 P.20131013
FL /home/pdp/Repository/PLASMABRANDAH/rtl/cache.vhd 2017/05/25.15:37:11 P.20131013
FL /home/pdp/Repository/PLASMABRANDAH/rtl/cache_ram.vhd 2017/05/25.13:51:29 P.20131013
FL /home/pdp/Repository/PLASMABRANDAH/rtl/clk_gen.vhd 2017/05/25.10:28:10 P.20131013
FL /home/pdp/Repository/PLASMABRANDAH/rtl/control.vhd 2017/05/25.10:28:10 P.20131013
FL /home/pdp/Repository/PLASMABRANDAH/rtl/ddr_ctrl.vhd 2017/05/25.10:28:10 P.20131013
FL /home/pdp/Repository/PLASMABRANDAH/rtl/ddr_ctrl_top.vhd 2017/05/25.10:28:10 P.20131013
FL /home/pdp/Repository/PLASMABRANDAH/rtl/ddr_init.vhd 2017/05/25.10:28:10 P.20131013
FL /home/pdp/Repository/PLASMABRANDAH/rtl/mem_ctrl.vhd 2017/05/25.10:28:10 P.20131013
FL /home/pdp/Repository/PLASMABRANDAH/rtl/mlite_cpu.vhd 2017/05/25.10:28:10 P.20131013
FL /home/pdp/Repository/PLASMABRANDAH/rtl/mlite_pack.vhd 2017/05/25.10:28:45 P.20131013
FL /home/pdp/Repository/PLASMABRANDAH/rtl/mult.vhd 2017/05/25.10:28:10 P.20131013
FL /home/pdp/Repository/PLASMABRANDAH/rtl/pc_next.vhd 2017/05/25.10:28:10 P.20131013
FL /home/pdp/Repository/PLASMABRANDAH/rtl/pipeline.vhd 2017/05/25.10:28:10 P.20131013
FL /home/pdp/Repository/PLASMABRANDAH/rtl/plasma.vhd 2017/05/25.13:51:29 P.20131013
FL /home/pdp/Repository/PLASMABRANDAH/rtl/plasma_top.vhd 2017/05/25.10:28:10 P.20131013
FL /home/pdp/Repository/PLASMABRANDAH/rtl/reg_bank.vhd 2017/05/25.10:28:10 P.20131013
FL /home/pdp/Repository/PLASMABRANDAH/rtl/shifter.vhd 2017/05/25.10:28:10 P.20131013
FL /home/pdp/Repository/PLASMABRANDAH/rtl/top_ml410.vhd 2017/05/25.10:28:10 P.20131013
FL /home/pdp/Repository/PLASMABRANDAH/rtl/uart.vhd 2017/05/25.10:28:10 P.20131013
