V3 133
FL /home/pdp/New_Repository/PLASMABRANDAH/rtl/alu.vhd 2017/05/15.06:52:46 P.20131013
EN work/alu 1495013238 FL /home/pdp/New_Repository/PLASMABRANDAH/rtl/alu.vhd \
      PB ieee/std_logic_1164 1381692176 PB work/mlite_pack 1495013225
AR work/alu/logic 1495013239 \
      FL /home/pdp/New_Repository/PLASMABRANDAH/rtl/alu.vhd EN work/alu 1495013238
FL /home/pdp/New_Repository/PLASMABRANDAH/rtl/boot_ram.vhd 2017/05/15.06:52:46 P.20131013
EN work/boot_ram 1495013254 \
      FL /home/pdp/New_Repository/PLASMABRANDAH/rtl/boot_ram.vhd \
      PB ieee/std_logic_1164 1381692176 PB ieee/STD_LOGIC_UNSIGNED 1381692179 \
      PB work/mlite_pack 1495013225 LB unisim PH unisim/VCOMPONENTS 1381692182
AR work/boot_ram/logic 1495013255 \
      FL /home/pdp/New_Repository/PLASMABRANDAH/rtl/boot_ram.vhd EN work/boot_ram 1495013254 \
      CP RAMB16_S9
FL /home/pdp/New_Repository/PLASMABRANDAH/rtl/bus_mux.vhd 2017/05/15.06:52:46 P.20131013
EN work/bus_mux 1495013236 \
      FL /home/pdp/New_Repository/PLASMABRANDAH/rtl/bus_mux.vhd \
      PB ieee/std_logic_1164 1381692176 PB work/mlite_pack 1495013225
AR work/bus_mux/logic 1495013237 \
      FL /home/pdp/New_Repository/PLASMABRANDAH/rtl/bus_mux.vhd EN work/bus_mux 1495013236
FL /home/pdp/New_Repository/PLASMABRANDAH/rtl/cache.vhd 2017/05/17.02:26:43 P.20131013
EN work/cache 1495013252 FL /home/pdp/New_Repository/PLASMABRANDAH/rtl/cache.vhd \
      PB ieee/std_logic_1164 1381692176 PB ieee/STD_LOGIC_UNSIGNED 1381692179 \
      LB unisim PH unisim/VCOMPONENTS 1381692182 PB work/mlite_pack 1495013225
AR work/cache/logic 1495013253 \
      FL /home/pdp/New_Repository/PLASMABRANDAH/rtl/cache.vhd EN work/cache 1495013252 \
      CP RAMB16_S9 CP cache_ram
FL /home/pdp/New_Repository/PLASMABRANDAH/rtl/cache_ram.vhd 2017/05/15.07:34:55 P.20131013
EN work/cache_ram 1495013226 \
      FL /home/pdp/New_Repository/PLASMABRANDAH/rtl/cache_ram.vhd \
      PB ieee/std_logic_1164 1381692176 PB ieee/STD_LOGIC_UNSIGNED 1381692179 \
      PB work/mlite_pack 1495013225 LB unisim PH unisim/VCOMPONENTS 1381692182
AR work/cache_ram/logic 1495013227 \
      FL /home/pdp/New_Repository/PLASMABRANDAH/rtl/cache_ram.vhd \
      EN work/cache_ram 1495013226 CP RAMB16_S9
FL /home/pdp/New_Repository/PLASMABRANDAH/rtl/clk_gen.vhd 2017/05/15.06:52:46 P.20131013
EN work/clk_gen 1495013258 \
      FL /home/pdp/New_Repository/PLASMABRANDAH/rtl/clk_gen.vhd \
      PB ieee/std_logic_1164 1381692176 LB unisim PH unisim/VCOMPONENTS 1381692182
AR work/clk_gen/logic 1495013259 \
      FL /home/pdp/New_Repository/PLASMABRANDAH/rtl/clk_gen.vhd EN work/clk_gen 1495013258 \
      CP DCM_BASE CP BUFG
FL /home/pdp/New_Repository/PLASMABRANDAH/rtl/control.vhd 2017/05/15.06:52:46 P.20131013
EN work/control 1495013232 \
      FL /home/pdp/New_Repository/PLASMABRANDAH/rtl/control.vhd \
      PB ieee/std_logic_1164 1381692176 PB work/mlite_pack 1495013225
AR work/control/logic 1495013233 \
      FL /home/pdp/New_Repository/PLASMABRANDAH/rtl/control.vhd EN work/control 1495013232
FL /home/pdp/New_Repository/PLASMABRANDAH/rtl/ddr_ctrl.vhd 2017/05/15.06:52:46 P.20131013
EN work/ddr_ctrl 1495013248 \
      FL /home/pdp/New_Repository/PLASMABRANDAH/rtl/ddr_ctrl.vhd \
      PB ieee/std_logic_1164 1381692176 PB ieee/STD_LOGIC_UNSIGNED 1381692179 \
      PB ieee/std_logic_arith 1381692177 PB work/mlite_pack 1495013225
AR work/ddr_ctrl/logic 1495013249 \
      FL /home/pdp/New_Repository/PLASMABRANDAH/rtl/ddr_ctrl.vhd EN work/ddr_ctrl 1495013248
FL /home/pdp/New_Repository/PLASMABRANDAH/rtl/ddr_ctrl_top.vhd 2017/05/15.06:52:46 P.20131013
EN work/ddr_ctrl_top 1495013262 \
      FL /home/pdp/New_Repository/PLASMABRANDAH/rtl/ddr_ctrl_top.vhd \
      PB ieee/std_logic_1164 1381692176 PB ieee/STD_LOGIC_UNSIGNED 1381692179 \
      PB ieee/std_logic_arith 1381692177 PB work/mlite_pack 1495013225
AR work/ddr_ctrl_top/logic 1495013263 \
      FL /home/pdp/New_Repository/PLASMABRANDAH/rtl/ddr_ctrl_top.vhd \
      EN work/ddr_ctrl_top 1495013262 CP ddr_init CP ddr_ctrl
FL /home/pdp/New_Repository/PLASMABRANDAH/rtl/ddr_init.vhd 2017/05/15.06:52:46 P.20131013
EN work/ddr_init 1495013246 \
      FL /home/pdp/New_Repository/PLASMABRANDAH/rtl/ddr_init.vhd \
      PB ieee/std_logic_1164 1381692176 PB ieee/STD_LOGIC_UNSIGNED 1381692179 \
      PB ieee/std_logic_arith 1381692177
AR work/ddr_init/logic 1495013247 \
      FL /home/pdp/New_Repository/PLASMABRANDAH/rtl/ddr_init.vhd EN work/ddr_init 1495013246
FL /home/pdp/New_Repository/PLASMABRANDAH/rtl/mem_ctrl.vhd 2017/05/15.06:52:46 P.20131013
EN work/mem_ctrl 1495013230 \
      FL /home/pdp/New_Repository/PLASMABRANDAH/rtl/mem_ctrl.vhd \
      PB ieee/std_logic_1164 1381692176 PB work/mlite_pack 1495013225
AR work/mem_ctrl/logic 1495013231 \
      FL /home/pdp/New_Repository/PLASMABRANDAH/rtl/mem_ctrl.vhd EN work/mem_ctrl 1495013230
FL /home/pdp/New_Repository/PLASMABRANDAH/rtl/mlite_cpu.vhd 2017/05/15.06:52:46 P.20131013
EN work/mlite_cpu 1495013250 \
      FL /home/pdp/New_Repository/PLASMABRANDAH/rtl/mlite_cpu.vhd \
      PB work/mlite_pack 1495013225 PB ieee/std_logic_1164 1381692176 \
      PB ieee/STD_LOGIC_UNSIGNED 1381692179
AR work/mlite_cpu/logic 1495013251 \
      FL /home/pdp/New_Repository/PLASMABRANDAH/rtl/mlite_cpu.vhd \
      EN work/mlite_cpu 1495013250 CP pc_next CP mem_ctrl CP control CP reg_bank \
      CP bus_mux CP alu CP shifter CP mult CP pipeline
FL /home/pdp/New_Repository/PLASMABRANDAH/rtl/mlite_pack.vhd 2017/05/15.06:52:46 P.20131013
PH work/mlite_pack 1495013224 \
      FL /home/pdp/New_Repository/PLASMABRANDAH/rtl/mlite_pack.vhd \
      PB ieee/std_logic_1164 1381692176 CD lpm_ram_dp CD LPM_RAM_DQ CD RAM32X1D \
      CD pc_next CD mem_ctrl CD control CD reg_bank CD bus_mux CD alu CD shifter \
      CD mult CD pipeline CD mlite_cpu CD cache CD cache_ram CD boot_ram CD uart \
      CD plasma CD ddr_ctrl
PB work/mlite_pack 1495013225 \
      FL /home/pdp/New_Repository/PLASMABRANDAH/rtl/mlite_pack.vhd \
      PH work/mlite_pack 1495013224
FL /home/pdp/New_Repository/PLASMABRANDAH/rtl/mult.vhd 2017/05/15.06:52:46 P.20131013
EN work/mult 1495013242 FL /home/pdp/New_Repository/PLASMABRANDAH/rtl/mult.vhd \
      PB ieee/std_logic_1164 1381692176 PB ieee/STD_LOGIC_UNSIGNED 1381692179 \
      PB ieee/std_logic_arith 1381692177 PB work/mlite_pack 1495013225
AR work/mult/logic 1495013243 \
      FL /home/pdp/New_Repository/PLASMABRANDAH/rtl/mult.vhd EN work/mult 1495013242
FL /home/pdp/New_Repository/PLASMABRANDAH/rtl/pc_next.vhd 2017/05/15.06:52:46 P.20131013
EN work/pc_next 1495013228 \
      FL /home/pdp/New_Repository/PLASMABRANDAH/rtl/pc_next.vhd \
      PB ieee/std_logic_1164 1381692176 PB work/mlite_pack 1495013225
AR work/pc_next/logic 1495013229 \
      FL /home/pdp/New_Repository/PLASMABRANDAH/rtl/pc_next.vhd EN work/pc_next 1495013228
FL /home/pdp/New_Repository/PLASMABRANDAH/rtl/pipeline.vhd 2017/05/15.06:52:46 P.20131013
EN work/pipeline 1495013244 \
      FL /home/pdp/New_Repository/PLASMABRANDAH/rtl/pipeline.vhd \
      PB ieee/std_logic_1164 1381692176 PB work/mlite_pack 1495013225
AR work/pipeline/logic 1495013245 \
      FL /home/pdp/New_Repository/PLASMABRANDAH/rtl/pipeline.vhd EN work/pipeline 1495013244
FL /home/pdp/New_Repository/PLASMABRANDAH/rtl/plasma.vhd 2017/05/15.07:37:14 P.20131013
EN work/plasma 1495013260 \
      FL /home/pdp/New_Repository/PLASMABRANDAH/rtl/plasma.vhd \
      PB ieee/std_logic_1164 1381692176 PB work/mlite_pack 1495013225
AR work/plasma/logic 1495013261 \
      FL /home/pdp/New_Repository/PLASMABRANDAH/rtl/plasma.vhd EN work/plasma 1495013260 \
      CP mlite_cpu CP cache CP boot_ram CP uart
FL /home/pdp/New_Repository/PLASMABRANDAH/rtl/plasma_top.vhd 2017/05/15.06:52:46 P.20131013
EN work/plasma_top 1495013264 \
      FL /home/pdp/New_Repository/PLASMABRANDAH/rtl/plasma_top.vhd \
      PB ieee/std_logic_1164 1381692176 PB ieee/STD_LOGIC_UNSIGNED 1381692179 \
      PB ieee/std_logic_arith 1381692177 LB unisim PH unisim/VCOMPONENTS 1381692182
AR work/plasma_top/logic 1495013265 \
      FL /home/pdp/New_Repository/PLASMABRANDAH/rtl/plasma_top.vhd \
      EN work/plasma_top 1495013264 CP IBUF CP clk_gen CP plasma CP ddr_ctrl_top
FL /home/pdp/New_Repository/PLASMABRANDAH/rtl/reg_bank.vhd 2017/05/15.06:52:46 P.20131013
EN work/reg_bank 1495013234 \
      FL /home/pdp/New_Repository/PLASMABRANDAH/rtl/reg_bank.vhd \
      PB ieee/std_logic_1164 1381692176 PB ieee/STD_LOGIC_UNSIGNED 1381692179 \
      PB work/mlite_pack 1495013225 LB unisim PH unisim/VCOMPONENTS 1381692182
AR work/reg_bank/ram_block 1495013235 \
      FL /home/pdp/New_Repository/PLASMABRANDAH/rtl/reg_bank.vhd EN work/reg_bank 1495013234 \
      CP RAM16X1D
FL /home/pdp/New_Repository/PLASMABRANDAH/rtl/shifter.vhd 2017/05/15.06:52:46 P.20131013
EN work/shifter 1495013240 \
      FL /home/pdp/New_Repository/PLASMABRANDAH/rtl/shifter.vhd \
      PB ieee/std_logic_1164 1381692176 PB work/mlite_pack 1495013225
AR work/shifter/logic 1495013241 \
      FL /home/pdp/New_Repository/PLASMABRANDAH/rtl/shifter.vhd EN work/shifter 1495013240
FL /home/pdp/New_Repository/PLASMABRANDAH/rtl/top_ml410.vhd 2017/05/15.06:52:46 P.20131013
EN work/top_ml410 1495013266 \
      FL /home/pdp/New_Repository/PLASMABRANDAH/rtl/top_ml410.vhd \
      PB ieee/std_logic_1164 1381692176 PB ieee/STD_LOGIC_UNSIGNED 1381692179 \
      PB ieee/std_logic_arith 1381692177
AR work/top_ml410/logic 1495013267 \
      FL /home/pdp/New_Repository/PLASMABRANDAH/rtl/top_ml410.vhd \
      EN work/top_ml410 1495013266 CP plasma_top
FL /home/pdp/New_Repository/PLASMABRANDAH/rtl/uart.vhd 2017/05/15.06:52:46 P.20131013
EN work/uart 1495013256 FL /home/pdp/New_Repository/PLASMABRANDAH/rtl/uart.vhd \
      PB ieee/std_logic_1164 1381692176 PB ieee/std_logic_misc 1381692178 \
      PB ieee/std_logic_arith 1381692177 PB ieee/STD_LOGIC_TEXTIO 1381692180 \
      PB ieee/STD_LOGIC_UNSIGNED 1381692179 PB ieee/NUMERIC_STD 1381692181 \
      PB ieee/MATH_REAL 1381692182 PB std/TEXTIO 1381692176 PB work/mlite_pack 1495013225
AR work/uart/logic 1495013257 \
      FL /home/pdp/New_Repository/PLASMABRANDAH/rtl/uart.vhd EN work/uart 1495013256
FL /home/pdp/pdp/rtl/alu.vhd 2017/03/25.11:39:28 P.20131013
FL /home/pdp/pdp/rtl/boot_ram.vhd 2017/03/25.11:18:23 P.20131013
FL /home/pdp/pdp/rtl/bus_mux.vhd 2017/03/25.10:29:08 P.20131013
FL /home/pdp/pdp/rtl/cache.vhd 2017/03/25.11:23:55 P.20131013
FL /home/pdp/pdp/rtl/cache_ram.vhd 2017/03/25.11:26:12 P.20131013
FL /home/pdp/pdp/rtl/clk_gen.vhd 2017/03/25.11:42:34 P.20131013
FL /home/pdp/pdp/rtl/control.vhd 2017/03/25.12:29:39 P.20131013
FL /home/pdp/pdp/rtl/ddr_ctrl.vhd 2014/04/24.12:27:24 P.20131013
FL /home/pdp/pdp/rtl/ddr_ctrl_top.vhd 2017/03/25.12:33:50 P.20131013
FL /home/pdp/pdp/rtl/ddr_init.vhd 2017/03/25.12:34:33 P.20131013
FL /home/pdp/pdp/rtl/mem_ctrl.vhd 2017/03/25.11:37:58 P.20131013
FL /home/pdp/pdp/rtl/mlite_cpu.vhd 2017/03/25.12:40:59 P.20131013
FL /home/pdp/pdp/rtl/mlite_pack.vhd 2017/03/25.13:21:31 P.20131013
FL /home/pdp/pdp/rtl/mult.vhd 2017/03/25.12:59:11 P.20131013
FL /home/pdp/pdp/rtl/pc_next.vhd 2017/03/25.12:52:52 P.20131013
FL /home/pdp/pdp/rtl/pipeline.vhd 2017/03/25.12:50:55 P.20131013
FL /home/pdp/pdp/rtl/plasma.vhd 2017/03/25.08:40:27 P.20131013
FL /home/pdp/pdp/rtl/plasma_top.vhd 2017/03/25.08:49:25 P.20131013
FL /home/pdp/pdp/rtl/reg_bank.vhd 2017/03/25.12:46:35 P.20131013
FL /home/pdp/pdp/rtl/shifter.vhd 2017/03/25.12:42:44 P.20131013
FL /home/pdp/pdp/rtl/top_ml410.vhd 2017/03/25.11:28:09 P.20131013
FL /home/pdp/pdp/rtl/uart.vhd 2017/03/25.13:19:09 P.20131013
