AR plasma logic /home/pdp/REP/PLASMABRANDAH/rtl/plasma.vhd sub00/vhpl45 1504621187
EN pc_next NULL /home/pdp/REP/PLASMABRANDAH/rtl/pc_next.vhd sub00/vhpl12 1504621154
EN reg_bank NULL /home/pdp/REP/PLASMABRANDAH/rtl/reg_bank.vhd sub00/vhpl18 1504621160
EN adder NULL /home/pdp/REP/PLASMABRANDAH/rtl/adder.vhd sub00/vhpl08 1504621150
EN bus_mux NULL /home/pdp/REP/PLASMABRANDAH/rtl/bus_mux.vhd sub00/vhpl20 1504621162
AR mult_csa logic /home/pdp/REP/PLASMABRANDAH/rtl/mult_csa.vhd sub00/vhpl07 1504621149
EN ddr_ctrl_top NULL /home/pdp/REP/PLASMABRANDAH/rtl/ddr_ctrl_top.vhd sub00/vhpl46 1504621188
AR ddr_ctrl_top logic /home/pdp/REP/PLASMABRANDAH/rtl/ddr_ctrl_top.vhd sub00/vhpl47 1504621189
AR shifter logic /home/pdp/REP/PLASMABRANDAH/rtl/shifter.vhd sub00/vhpl25 1504621167
EN mult NULL /home/pdp/REP/PLASMABRANDAH/rtl/mult.vhd sub00/vhpl26 1504621168
EN clk_gen NULL /home/pdp/REP/PLASMABRANDAH/rtl/clk_gen.vhd sub00/vhpl42 1504621184
EN ddr_init NULL /home/pdp/REP/PLASMABRANDAH/rtl/ddr_init.vhd sub00/vhpl30 1504621172
AR mlite_cpu logic /home/pdp/REP/PLASMABRANDAH/rtl/mlite_cpu.vhd sub00/vhpl35 1504621177
EN plasma NULL /home/pdp/REP/PLASMABRANDAH/rtl/plasma.vhd sub00/vhpl44 1504621186
AR control logic /home/pdp/REP/PLASMABRANDAH/rtl/control.vhd sub00/vhpl17 1504621159
EN ddr_ctrl NULL /home/pdp/REP/PLASMABRANDAH/rtl/ddr_ctrl.vhd sub00/vhpl32 1504621174
AR alu logic /home/pdp/REP/PLASMABRANDAH/rtl/alu.vhd sub00/vhpl23 1504621165
AR cache logic /home/pdp/REP/PLASMABRANDAH/rtl/cache.vhd sub00/vhpl37 1504621179
EN boot_ram NULL /home/pdp/REP/PLASMABRANDAH/rtl/boot_ram.vhd sub00/vhpl38 1504621180
AR cache_ram logic /home/pdp/REP/PLASMABRANDAH/rtl/cache_ram.vhd sub00/vhpl11 1504621153
EN multiplier_tree_radix16 NULL /home/pdp/REP/PLASMABRANDAH/rtl/multiplier_tree_radix16.vhd sub00/vhpl04 1504621146
EN mem_ctrl NULL /home/pdp/REP/PLASMABRANDAH/rtl/mem_ctrl.vhd sub00/vhpl14 1504621156
AR bus_mux logic /home/pdp/REP/PLASMABRANDAH/rtl/bus_mux.vhd sub00/vhpl21 1504621163
AR ddr_init logic /home/pdp/REP/PLASMABRANDAH/rtl/ddr_init.vhd sub00/vhpl31 1504621173
EN cache NULL /home/pdp/REP/PLASMABRANDAH/rtl/cache.vhd sub00/vhpl36 1504621178
EN mlite_cpu NULL /home/pdp/REP/PLASMABRANDAH/rtl/mlite_cpu.vhd sub00/vhpl34 1504621176
EN shifter NULL /home/pdp/REP/PLASMABRANDAH/rtl/shifter.vhd sub00/vhpl24 1504621166
EN top_ml410 NULL /home/pdp/REP/PLASMABRANDAH/rtl/top_ml410.vhd sub00/vhpl50 1504621192
AR csa_adder logic /home/pdp/REP/PLASMABRANDAH/rtl/csa_adder.vhd sub00/vhpl03 1504621145
AR reg_bank ram_block /home/pdp/REP/PLASMABRANDAH/rtl/reg_bank.vhd sub00/vhpl19 1504621161
EN cache_ram NULL /home/pdp/REP/PLASMABRANDAH/rtl/cache_ram.vhd sub00/vhpl10 1504621152
AR plasma_top logic /home/pdp/REP/PLASMABRANDAH/rtl/plasma_top.vhd sub00/vhpl49 1504621191
AR adder logic /home/pdp/REP/PLASMABRANDAH/rtl/adder.vhd sub00/vhpl09 1504621151
AR mem_ctrl logic /home/pdp/REP/PLASMABRANDAH/rtl/mem_ctrl.vhd sub00/vhpl15 1504621157
EN control NULL /home/pdp/REP/PLASMABRANDAH/rtl/control.vhd sub00/vhpl16 1504621158
EN mult_csa NULL /home/pdp/REP/PLASMABRANDAH/rtl/mult_csa.vhd sub00/vhpl06 1504621148
AR top_ml410 logic /home/pdp/REP/PLASMABRANDAH/rtl/top_ml410.vhd sub00/vhpl51 1504621193
AR clk_gen logic /home/pdp/REP/PLASMABRANDAH/rtl/clk_gen.vhd sub00/vhpl43 1504621185
AR ddr_ctrl logic /home/pdp/REP/PLASMABRANDAH/rtl/ddr_ctrl.vhd sub00/vhpl33 1504621175
EN csa_adder NULL /home/pdp/REP/PLASMABRANDAH/rtl/csa_adder.vhd sub00/vhpl02 1504621144
PB mlite_pack mlite_pack /home/pdp/REP/PLASMABRANDAH/rtl/mlite_pack.vhd sub00/vhpl01 1504621143
AR pipeline logic /home/pdp/REP/PLASMABRANDAH/rtl/pipeline.vhd sub00/vhpl29 1504621171
AR mult logic /home/pdp/REP/PLASMABRANDAH/rtl/mult.vhd sub00/vhpl27 1504621169
AR multiplier_tree_radix16 logic /home/pdp/REP/PLASMABRANDAH/rtl/multiplier_tree_radix16.vhd sub00/vhpl05 1504621147
EN uart NULL /home/pdp/REP/PLASMABRANDAH/rtl/uart.vhd sub00/vhpl40 1504621182
EN pipeline NULL /home/pdp/REP/PLASMABRANDAH/rtl/pipeline.vhd sub00/vhpl28 1504621170
AR uart logic /home/pdp/REP/PLASMABRANDAH/rtl/uart.vhd sub00/vhpl41 1504621183
EN plasma_top NULL /home/pdp/REP/PLASMABRANDAH/rtl/plasma_top.vhd sub00/vhpl48 1504621190
AR pc_next logic /home/pdp/REP/PLASMABRANDAH/rtl/pc_next.vhd sub00/vhpl13 1504621155
EN alu NULL /home/pdp/REP/PLASMABRANDAH/rtl/alu.vhd sub00/vhpl22 1504621164
AR boot_ram logic /home/pdp/REP/PLASMABRANDAH/rtl/boot_ram.vhd sub00/vhpl39 1504621181
PH mlite_pack NULL /home/pdp/REP/PLASMABRANDAH/rtl/mlite_pack.vhd sub00/vhpl00 1504621142
