V3 129
FL /home/pdp/Repository/PLASMABRANDAH/rtl/adder.vhd 2017/09/09.11:23:01 P.20131013
EN work/adder 1504949382 FL /home/pdp/Repository/PLASMABRANDAH/rtl/adder.vhd \
      PB ieee/std_logic_1164 1381692176 PB ieee/STD_LOGIC_UNSIGNED 1381692179 \
      PB ieee/std_logic_arith 1381692177 PB work/mlite_pack 1504949375
AR work/adder/logic 1504949383 \
      FL /home/pdp/Repository/PLASMABRANDAH/rtl/adder.vhd EN work/adder 1504949382
FL /home/pdp/Repository/PLASMABRANDAH/rtl/alu.vhd 2017/09/09.11:23:01 P.20131013
EN work/alu 1504949396 FL /home/pdp/Repository/PLASMABRANDAH/rtl/alu.vhd \
      PB ieee/std_logic_1164 1381692176 PB work/mlite_pack 1504949375
AR work/alu/logic 1504949397 \
      FL /home/pdp/Repository/PLASMABRANDAH/rtl/alu.vhd EN work/alu 1504949396 \
      CP adder
FL /home/pdp/Repository/PLASMABRANDAH/rtl/boot_ram.vhd 2017/06/02.10:42:42 P.20131013
EN work/boot_ram 1504949412 \
      FL /home/pdp/Repository/PLASMABRANDAH/rtl/boot_ram.vhd \
      PB ieee/std_logic_1164 1381692176 PB ieee/STD_LOGIC_UNSIGNED 1381692179 \
      LB unisim PH unisim/VCOMPONENTS 1381692182 PB work/mlite_pack 1504949375
AR work/boot_ram/logic 1504949413 \
      FL /home/pdp/Repository/PLASMABRANDAH/rtl/boot_ram.vhd EN work/boot_ram 1504949412 \
      CP RAMB16_S9
FL /home/pdp/Repository/PLASMABRANDAH/rtl/bus_mux.vhd 2017/06/02.10:42:42 P.20131013
EN work/bus_mux 1504949394 FL /home/pdp/Repository/PLASMABRANDAH/rtl/bus_mux.vhd \
      PB ieee/std_logic_1164 1381692176 PB work/mlite_pack 1504949375
AR work/bus_mux/logic 1504949395 \
      FL /home/pdp/Repository/PLASMABRANDAH/rtl/bus_mux.vhd EN work/bus_mux 1504949394
FL /home/pdp/Repository/PLASMABRANDAH/rtl/cache.vhd 2017/09/09.11:23:01 P.20131013
EN work/cache 1504949410 FL /home/pdp/Repository/PLASMABRANDAH/rtl/cache.vhd \
      PB ieee/std_logic_1164 1381692176 PB ieee/STD_LOGIC_UNSIGNED 1381692179 \
      LB unisim PH unisim/VCOMPONENTS 1381692182 PB work/mlite_pack 1504949375
AR work/cache/logic 1504949411 \
      FL /home/pdp/Repository/PLASMABRANDAH/rtl/cache.vhd EN work/cache 1504949410 \
      CP RAMB16_S9 CP cache_ram
FL /home/pdp/Repository/PLASMABRANDAH/rtl/cache_ram.vhd 2017/09/09.11:23:01 P.20131013
EN work/cache_ram 1504949384 \
      FL /home/pdp/Repository/PLASMABRANDAH/rtl/cache_ram.vhd \
      PB ieee/std_logic_1164 1381692176 PB ieee/STD_LOGIC_UNSIGNED 1381692179 \
      LB unisim PH unisim/VCOMPONENTS 1381692182 PB work/mlite_pack 1504949375
AR work/cache_ram/logic 1504949385 \
      FL /home/pdp/Repository/PLASMABRANDAH/rtl/cache_ram.vhd EN work/cache_ram 1504949384 \
      CP RAMB16_S9
FL /home/pdp/Repository/PLASMABRANDAH/rtl/clk_gen.vhd 2017/06/02.10:42:42 P.20131013
EN work/clk_gen 1504949416 FL /home/pdp/Repository/PLASMABRANDAH/rtl/clk_gen.vhd \
      PB ieee/std_logic_1164 1381692176 LB unisim PH unisim/VCOMPONENTS 1381692182
AR work/clk_gen/logic 1504949417 \
      FL /home/pdp/Repository/PLASMABRANDAH/rtl/clk_gen.vhd EN work/clk_gen 1504949416 \
      CP DCM_BASE CP BUFG
FL /home/pdp/Repository/PLASMABRANDAH/rtl/control.vhd 2017/09/09.11:23:01 P.20131013
EN work/control 1504949390 FL /home/pdp/Repository/PLASMABRANDAH/rtl/control.vhd \
      PB ieee/std_logic_1164 1381692176 PB work/mlite_pack 1504949375
AR work/control/logic 1504949391 \
      FL /home/pdp/Repository/PLASMABRANDAH/rtl/control.vhd EN work/control 1504949390
FL /home/pdp/Repository/PLASMABRANDAH/rtl/csa_adder.vhd 2017/09/09.11:23:01 P.20131013
EN work/csa_adder 1504949376 \
      FL /home/pdp/Repository/PLASMABRANDAH/rtl/csa_adder.vhd \
      PB ieee/std_logic_1164 1381692176 PB ieee/STD_LOGIC_UNSIGNED 1381692179 \
      PB ieee/std_logic_arith 1381692177
AR work/csa_adder/logic 1504949377 \
      FL /home/pdp/Repository/PLASMABRANDAH/rtl/csa_adder.vhd EN work/csa_adder 1504949376
FL /home/pdp/Repository/PLASMABRANDAH/rtl/ddr_ctrl.vhd 2017/06/02.10:42:42 P.20131013
EN work/ddr_ctrl 1504949406 \
      FL /home/pdp/Repository/PLASMABRANDAH/rtl/ddr_ctrl.vhd \
      PB ieee/std_logic_1164 1381692176 PB ieee/STD_LOGIC_UNSIGNED 1381692179 \
      PB ieee/std_logic_arith 1381692177 PB work/mlite_pack 1504949375
AR work/ddr_ctrl/logic 1504949407 \
      FL /home/pdp/Repository/PLASMABRANDAH/rtl/ddr_ctrl.vhd EN work/ddr_ctrl 1504949406
FL /home/pdp/Repository/PLASMABRANDAH/rtl/ddr_ctrl_top.vhd 2017/06/02.10:42:42 P.20131013
EN work/ddr_ctrl_top 1504949420 \
      FL /home/pdp/Repository/PLASMABRANDAH/rtl/ddr_ctrl_top.vhd \
      PB ieee/std_logic_1164 1381692176 PB ieee/STD_LOGIC_UNSIGNED 1381692179 \
      PB ieee/std_logic_arith 1381692177 PB work/mlite_pack 1504949375
AR work/ddr_ctrl_top/logic 1504949421 \
      FL /home/pdp/Repository/PLASMABRANDAH/rtl/ddr_ctrl_top.vhd \
      EN work/ddr_ctrl_top 1504949420 CP ddr_init CP ddr_ctrl
FL /home/pdp/Repository/PLASMABRANDAH/rtl/ddr_init.vhd 2017/06/02.10:42:42 P.20131013
EN work/ddr_init 1504949404 \
      FL /home/pdp/Repository/PLASMABRANDAH/rtl/ddr_init.vhd \
      PB ieee/std_logic_1164 1381692176 PB ieee/STD_LOGIC_UNSIGNED 1381692179 \
      PB ieee/std_logic_arith 1381692177
AR work/ddr_init/logic 1504949405 \
      FL /home/pdp/Repository/PLASMABRANDAH/rtl/ddr_init.vhd EN work/ddr_init 1504949404
FL /home/pdp/Repository/PLASMABRANDAH/rtl/mem_ctrl.vhd 2017/06/02.10:42:42 P.20131013
EN work/mem_ctrl 1504949388 \
      FL /home/pdp/Repository/PLASMABRANDAH/rtl/mem_ctrl.vhd \
      PB ieee/std_logic_1164 1381692176 PB work/mlite_pack 1504949375
AR work/mem_ctrl/logic 1504949389 \
      FL /home/pdp/Repository/PLASMABRANDAH/rtl/mem_ctrl.vhd EN work/mem_ctrl 1504949388
FL /home/pdp/Repository/PLASMABRANDAH/rtl/mlite_cpu.vhd 2017/06/02.10:42:42 P.20131013
EN work/mlite_cpu 1504949408 \
      FL /home/pdp/Repository/PLASMABRANDAH/rtl/mlite_cpu.vhd \
      PB ieee/std_logic_1164 1381692176 PB ieee/STD_LOGIC_UNSIGNED 1381692179 \
      PB work/mlite_pack 1504949375
AR work/mlite_cpu/logic 1504949409 \
      FL /home/pdp/Repository/PLASMABRANDAH/rtl/mlite_cpu.vhd EN work/mlite_cpu 1504949408 \
      CP pc_next CP mem_ctrl CP control CP reg_bank CP bus_mux CP alu CP shifter \
      CP mult CP pipeline
FL /home/pdp/Repository/PLASMABRANDAH/rtl/mlite_pack.vhd 2017/09/09.11:23:01 P.20131013
PH work/mlite_pack 1504949374 \
      FL /home/pdp/Repository/PLASMABRANDAH/rtl/mlite_pack.vhd \
      PB ieee/std_logic_1164 1381692176 CD adder CD lpm_ram_dp CD LPM_RAM_DQ \
      CD RAM32X1D CD pc_next CD mem_ctrl CD control CD reg_bank CD bus_mux CD alu \
      CD shifter CD mult CD rand_gen CD pipeline CD mlite_cpu CD cache CD cache_ram \
      CD boot_ram CD uart CD plasma CD ddr_ctrl
PB work/mlite_pack 1504949375 \
      FL /home/pdp/Repository/PLASMABRANDAH/rtl/mlite_pack.vhd PH work/mlite_pack 1504949374
FL /home/pdp/Repository/PLASMABRANDAH/rtl/mult.vhd 2017/09/09.11:23:01 P.20131013
EN work/mult 1504949400 FL /home/pdp/Repository/PLASMABRANDAH/rtl/mult.vhd \
      PB ieee/std_logic_1164 1381692176 PB ieee/STD_LOGIC_UNSIGNED 1381692179 \
      PB ieee/std_logic_arith 1381692177 PB work/mlite_pack 1504949375
AR work/mult/logic 1504949401 \
      FL /home/pdp/Repository/PLASMABRANDAH/rtl/mult.vhd EN work/mult 1504949400 \
      CP mult_csa
FL /home/pdp/Repository/PLASMABRANDAH/rtl/multiplier_tree_radix16.vhd 2017/09/09.11:23:01 P.20131013
EN work/multiplier_tree_radix16 1504949378 \
      FL /home/pdp/Repository/PLASMABRANDAH/rtl/multiplier_tree_radix16.vhd \
      PB ieee/std_logic_1164 1381692176 PB ieee/NUMERIC_STD 1381692181 \
      PB work/mlite_pack 1504949375
AR work/multiplier_tree_radix16/logic 1504949379 \
      FL /home/pdp/Repository/PLASMABRANDAH/rtl/multiplier_tree_radix16.vhd \
      EN work/multiplier_tree_radix16 1504949378 CP csa_adder
FL /home/pdp/Repository/PLASMABRANDAH/rtl/mult_csa.vhd 2017/09/09.11:23:01 P.20131013
EN work/mult_csa 1504949380 \
      FL /home/pdp/Repository/PLASMABRANDAH/rtl/mult_csa.vhd \
      PB ieee/std_logic_1164 1381692176 PB ieee/NUMERIC_STD 1381692181 \
      PB work/mlite_pack 1504949375
AR work/mult_csa/logic 1504949381 \
      FL /home/pdp/Repository/PLASMABRANDAH/rtl/mult_csa.vhd EN work/mult_csa 1504949380 \
      CP multiplier_tree_radix16
FL /home/pdp/Repository/PLASMABRANDAH/rtl/pc_next.vhd 2017/06/02.10:42:42 P.20131013
EN work/pc_next 1504949386 FL /home/pdp/Repository/PLASMABRANDAH/rtl/pc_next.vhd \
      PB ieee/std_logic_1164 1381692176 PB work/mlite_pack 1504949375
AR work/pc_next/logic 1504949387 \
      FL /home/pdp/Repository/PLASMABRANDAH/rtl/pc_next.vhd EN work/pc_next 1504949386
FL /home/pdp/Repository/PLASMABRANDAH/rtl/pipeline.vhd 2017/06/02.10:42:42 P.20131013
EN work/pipeline 1504949402 \
      FL /home/pdp/Repository/PLASMABRANDAH/rtl/pipeline.vhd \
      PB ieee/std_logic_1164 1381692176 PB work/mlite_pack 1504949375
AR work/pipeline/logic 1504949403 \
      FL /home/pdp/Repository/PLASMABRANDAH/rtl/pipeline.vhd EN work/pipeline 1504949402
FL /home/pdp/Repository/PLASMABRANDAH/rtl/plasma.vhd 2017/09/09.11:23:01 P.20131013
EN work/plasma 1504949418 FL /home/pdp/Repository/PLASMABRANDAH/rtl/plasma.vhd \
      PB ieee/std_logic_1164 1381692176 PB work/mlite_pack 1504949375
AR work/plasma/logic 1504949419 \
      FL /home/pdp/Repository/PLASMABRANDAH/rtl/plasma.vhd EN work/plasma 1504949418 \
      CP mlite_cpu CP cache CP boot_ram CP uart
FL /home/pdp/Repository/PLASMABRANDAH/rtl/plasma_top.vhd 2017/06/02.10:42:42 P.20131013
EN work/plasma_top 1504949422 \
      FL /home/pdp/Repository/PLASMABRANDAH/rtl/plasma_top.vhd \
      PB ieee/std_logic_1164 1381692176 PB ieee/STD_LOGIC_UNSIGNED 1381692179 \
      PB ieee/std_logic_arith 1381692177 LB unisim PH unisim/VCOMPONENTS 1381692182
AR work/plasma_top/logic 1504949423 \
      FL /home/pdp/Repository/PLASMABRANDAH/rtl/plasma_top.vhd EN work/plasma_top 1504949422 \
      CP IBUF CP clk_gen CP plasma CP ddr_ctrl_top
FL /home/pdp/Repository/PLASMABRANDAH/rtl/reg_bank.vhd 2017/06/02.10:42:42 P.20131013
EN work/reg_bank 1504949392 \
      FL /home/pdp/Repository/PLASMABRANDAH/rtl/reg_bank.vhd \
      PB ieee/std_logic_1164 1381692176 PB ieee/STD_LOGIC_UNSIGNED 1381692179 \
      LB unisim PH unisim/VCOMPONENTS 1381692182 PB work/mlite_pack 1504949375
AR work/reg_bank/ram_block 1504949393 \
      FL /home/pdp/Repository/PLASMABRANDAH/rtl/reg_bank.vhd EN work/reg_bank 1504949392 \
      CP RAM16X1D
FL /home/pdp/Repository/PLASMABRANDAH/rtl/shifter.vhd 2017/06/02.10:42:42 P.20131013
EN work/shifter 1504949398 FL /home/pdp/Repository/PLASMABRANDAH/rtl/shifter.vhd \
      PB ieee/std_logic_1164 1381692176 PB work/mlite_pack 1504949375
AR work/shifter/logic 1504949399 \
      FL /home/pdp/Repository/PLASMABRANDAH/rtl/shifter.vhd EN work/shifter 1504949398
FL /home/pdp/Repository/PLASMABRANDAH/rtl/top_ml410.vhd 2017/06/02.10:42:42 P.20131013
EN work/top_ml410 1504949424 \
      FL /home/pdp/Repository/PLASMABRANDAH/rtl/top_ml410.vhd \
      PB ieee/std_logic_1164 1381692176 PB ieee/STD_LOGIC_UNSIGNED 1381692179 \
      PB ieee/std_logic_arith 1381692177
AR work/top_ml410/logic 1504949425 \
      FL /home/pdp/Repository/PLASMABRANDAH/rtl/top_ml410.vhd EN work/top_ml410 1504949424 \
      CP plasma_top
FL /home/pdp/Repository/PLASMABRANDAH/rtl/uart.vhd 2017/06/02.10:42:42 P.20131013
EN work/uart 1504949414 FL /home/pdp/Repository/PLASMABRANDAH/rtl/uart.vhd \
      PB ieee/std_logic_1164 1381692176 PB ieee/std_logic_misc 1381692178 \
      PB ieee/std_logic_arith 1381692177 PB ieee/STD_LOGIC_TEXTIO 1381692180 \
      PB ieee/STD_LOGIC_UNSIGNED 1381692179 PB ieee/NUMERIC_STD 1381692181 \
      PB ieee/MATH_REAL 1381692182 PB std/TEXTIO 1381692176 PB work/mlite_pack 1504949375
AR work/uart/logic 1504949415 \
      FL /home/pdp/Repository/PLASMABRANDAH/rtl/uart.vhd EN work/uart 1504949414
